################################################################################
#                                                                              #
#      IAR Universal Linker V4.60I/386                                         #
#                                                                              #
#           Link time     =  09/Apr/2011  02:30:28                             #
#           Target CPU    =  ARM                                               #
#           List file     =  "C:\Users\Faby\Desktop\StudyElf\AccuWeather Widge #
#                            t\Release\List\AccuWeatherWidget.map"             #
#           Output file 1 =  "C:\Users\Faby\Desktop\StudyElf\AccuWeather Widge #
#                            t\Release\Exe\AccuWeatherWidget.elf"              #
#                            Format: elf, variant: -ynpra                      #
#           Command line  =  "C:\Users\Faby\Desktop\StudyElf\AccuWeather Widge #
#                            t\Release\Obj\Utils.r79"                          #
#                            "C:\Users\Faby\Desktop\StudyElf\AccuWeather Widge #
#                            t\Release\Obj\_cpp2.r79"                          #
#                            "C:\Users\Faby\Desktop\StudyElf\AccuWeather Widge #
#                            t\Release\Obj\conf_loader.r79"                    #
#                            "C:\Users\Faby\Desktop\StudyElf\AccuWeather Widge #
#                            t\Release\Obj\config_data.r79"                    #
#                            "C:\Users\Faby\Desktop\StudyElf\AccuWeather Widge #
#                            t\Release\Obj\fileAnaliser.r79"                   #
#                            "C:\Users\Faby\Desktop\StudyElf\AccuWeather Widge #
#                            t\Release\Obj\func.r79"                           #
#                            "C:\Users\Faby\Desktop\StudyElf\AccuWeather Widge #
#                            t\Release\Obj\main.r79"                           #
#                            "C:\Users\Faby\Desktop\StudyElf\AccuWeather Widge #
#                            t\Release\Obj\mybook.r79"                         #
#                            "C:\Users\Faby\Desktop\StudyElf\AccuWeather Widge #
#                            t\Release\Obj\openfile.r79"                       #
#                            "C:\Users\Faby\Desktop\StudyElf\AccuWeather Widge #
#                            t\Release\Obj\standbyDraw.r79"                    #
#                            "C:\Users\Faby\Desktop\StudyElf\AccuWeather Widge #
#                            t\Release\Obj\weather.r79"                        #
#                            -o                                                #
#                            "C:\Users\Faby\Desktop\StudyElf\AccuWeather Widge #
#                            t\Release\Exe\AccuWeatherWidget.elf"              #
#                            -Felf -l                                          #
#                            "C:\Users\Faby\Desktop\StudyElf\AccuWeather Widge #
#                            t\Release\List\AccuWeatherWidget.map"             #
#                            -xms -f                                           #
#                            "C:\Users\Faby\Desktop\StudyElf\AccuWeather Widge #
#                            t\..\include\1.xcl"                               #
#                            (-carm -ynpra -V(CODE)CODE_AREA,12                #
#                            -V(DATA)DATA_AREA,12                              #
#                            -Z(CODE_AREA)ELFBEGIN,DATA_ID,START,CODE,DATA_C,I #
#                            NITTAB,DATA_Z,DATA_N,CONFIG_C,DYN_CONST,DYN_CONST #
#                            _DESC,DYN_PAGE,DYN_PAGE_DESC=0-FFFFFFFF           #
#                            -Z(DATA_AREA)DATA_I=0-FFFFFFFF)                   #
#                            "C:\Users\Faby\EmbebedIAR\Embedded Workbench 4.0  #
#                            Evaluation\ARM\LIB\dl5tpainl8n.r79"               #
#                            -s main                                           #
#                                                                              #
#                        Copyright 1987-2007 IAR Systems. All rights reserved. #
################################################################################





                ****************************************
                *                                      *
                *           CROSS REFERENCE            *
                *                                      *
                ****************************************

       Program entry at : CODE_AREA 00000CF0  Relocatable, from module : main




                ****************************************
                *                                      *
                *            RUNTIME MODEL             *
                *                                      *
                ****************************************

  ARMv4M                 = USED
  ARMv4T                 = USED
  ARMv5T                 = USED
  StackAlign4            = USED
  __cpu_mode             = __pcs__interwork
  __data_model           = absolute
  __dlib_file_descriptor = 1
  __endian               = little
  __rt_version           = 6
  __thumb_aware          = enabled



                ****************************************
                *                                      *
                *              MODULE MAP              *
                *                                      *
                ****************************************


  DEFINED ABSOLUTE ENTRIES
    *************************************************************************

  DEFINED ABSOLUTE ENTRIES
    *************************************************************************

  FILE NAME : C:\Users\Faby\Desktop\StudyElf\AccuWeather Widget\Release\Obj\Utils.r79
  PROGRAM MODULE, NAME : Utils

  SEGMENTS IN THE MODULE
  ======================
CODE
  Relative segment, address: CODE_AREA 00000280 - 000002EB (0x6c bytes), align: 2
  Segment part 4.
           ENTRY                   ADDRESS         REF BY
           =====                   =======         ======
           getWSubStr(wchar_t *, int, int)
                                   00000280        drawOnStby(wchar_t *, int, int, int, int, int) (standbyDraw)
                                                   getEqualContent(wchar_t *, int &) (fileAnaliser)
                                                   getWeatherConditions(wchar_t *, wchar_t *) (fileAnaliser)
               stack 1 = 00000000 ( 00000010 )
    -------------------------------------------------------------------------
CODE
  Relative segment, address: CODE_AREA 000002EC - 00000337 (0x4c bytes), align: 2
  Segment part 6.
           ENTRY                   ADDRESS         REF BY
           =====                   =======         ======
           wGetIndexOfLine(wchar_t *)
                                   000002EC        drawOnStby(wchar_t *, int, int, int, int, int) (standbyDraw)
               stack 1 = 00000000 ( 0000000C )
    -------------------------------------------------------------------------
CODE
  Relative segment, address: CODE_AREA 00000338 - 00000383 (0x4c bytes), align: 2
  Segment part 8.
           ENTRY                   ADDRESS         REF BY
           =====                   =======         ======
           searchLine(wchar_t *)   00000338        drawOnStby(wchar_t *, int, int, int, int, int) (standbyDraw)
               stack 1 = 00000000 ( 0000000C )
    -------------------------------------------------------------------------
CODE
  Relative segment, address: CODE_AREA 00000384 - 000003DF (0x5c bytes), align: 2
  Segment part 10.
           ENTRY                   ADDRESS         REF BY
           =====                   =======         ======
           wGetIndexOf(wchar_t *, char, int, int)
                                   00000384        getEqualContent(wchar_t *, int &) (fileAnaliser)
                                                   getTag(wchar_t *, int, int &) (fileAnaliser)
                                                   getWeatherConditions(wchar_t *, wchar_t *) (fileAnaliser)
               stack 1 = 00000000 ( 0000001C )
    -------------------------------------------------------------------------
CODE
  Relative segment, address: CODE_AREA 000003E0 - 0000043F (0x60 bytes), align: 2
  Segment part 12.
           ENTRY                   ADDRESS         REF BY
           =====                   =======         ======
           compareWchar(wchar_t *, wchar_t *)
                                   000003E0        getDayWeather(wchar_t *, int &, wchar_t *) (fileAnaliser)
                                                   getWeatherConditions(wchar_t *, wchar_t *) (fileAnaliser)
               stack 1 = 00000000 ( 00000010 )
    -------------------------------------------------------------------------
CODE
  Relative segment, address: CODE_AREA 00000440 - 0000046F (0x30 bytes), align: 2
  Segment part 14.            Intra module refs:   int2wstr(int)
           ENTRY                   ADDRESS         REF BY
           =====                   =======         ======
           intlen(int)             00000440        returnMask(wchar_t const *, int, bool, float (__atpcs __interwork *)(int), int) (standbyDraw)
    -------------------------------------------------------------------------
CODE
  Relative segment, address: CODE_AREA 00000470 - 000004BB (0x4c bytes), align: 2
  Segment part 16.
           ENTRY                   ADDRESS         REF BY
           =====                   =======         ======
           getDateTime()           00000470        beginFile() (standbyDraw)
                                                   drawWeatherContents() (standbyDraw)
               stack 1 = 00000000 ( 00000010 )
    -------------------------------------------------------------------------
CODE
  Relative segment, address: CODE_AREA 000004BC - 00000513 (0x58 bytes), align: 2
  Segment part 18.
           ENTRY                   ADDRESS         REF BY
           =====                   =======         ======
           int2wstr(int)           000004BC        getWeather(wchar_t *, int &, wchar_t *) (fileAnaliser)
               stack 1 = 00000000 ( 0000000C )
    -------------------------------------------------------------------------
CODE
  Relative segment, address: CODE_AREA 00000514 - 0000054F (0x3c bytes), align: 2
  Segment part 20.
           ENTRY                   ADDRESS         REF BY
           =====                   =======         ======
           isDateEqual(DATETIME *, DATETIME *)
                                   00000514        drawWeatherContents() (standbyDraw)
    -------------------------------------------------------------------------
CODE
  Relative segment, address: CODE_AREA 00000550 - 0000056B (0x1c bytes), align: 2
  Segment part 22.
           ENTRY                   ADDRESS         REF BY
           =====                   =======         ======
           celsiusToFahrenheit(int)
                                   00000550        finalDraw(wchar_t *, int, int, int, int, wchar_t *, wchar_t *, int) (standbyDraw)
               stack 1 = 00000000 ( 00000004 )
    -------------------------------------------------------------------------
CODE
  Relative segment, address: CODE_AREA 0000056C - 0000056F (0x4 bytes), align: 2
  Segment part 23.            Intra module refs:   celsiusToFahrenheit(int)
                                                   intlen(int)
    -------------------------------------------------------------------------
CODE
  Relative segment, address: CODE_AREA 00000570 - 00000593 (0x24 bytes), align: 2
  Segment part 25.
           ENTRY                   ADDRESS         REF BY
           =====                   =======         ======
           km2Mile(int)            00000570        finalDraw(wchar_t *, int, int, int, int, wchar_t *, wchar_t *, int) (standbyDraw)
               stack 1 = 00000000 ( 00000004 )
    -------------------------------------------------------------------------
CODE
  Relative segment, address: CODE_AREA 00000594 - 000005B7 (0x24 bytes), align: 2
  Segment part 27.
           ENTRY                   ADDRESS         REF BY
           =====                   =======         ======
           km2meter(int)           00000594        finalDraw(wchar_t *, int, int, int, int, wchar_t *, wchar_t *, int) (standbyDraw)
               stack 1 = 00000000 ( 00000004 )
    -------------------------------------------------------------------------
DATA_C
  Relative segment, address: CODE_AREA 00002DF8 - 00002DFF (0x8 bytes), align: 2
  Segment part 2.             Intra module refs:   int2wstr(int)

    *************************************************************************

  FILE NAME : C:\Users\Faby\Desktop\StudyElf\AccuWeather Widget\Release\Obj\_cpp2.r79
  PROGRAM MODULE, NAME : _cpp2

  SEGMENTS IN THE MODULE
  ======================
CODE
  Relative segment, address: CODE_AREA 000005B8 - 000005C3 (0xc bytes), align: 2
  Segment part 3.
           ENTRY                   ADDRESS         REF BY
           =====                   =======         ======
           operator new(size_t)    000005B8        MyBook::MyBook() (mybook)
                                                   SB_ELF_Killed(void *, BOOK *) (standbyDraw)
                                                   Send_REDRAW_RELEASE() (standbyDraw)
                                                   Weather::new Weather(Weather *) (weather)
                                                   Weather::new Weather(int, int, int, int, wchar_t *, wchar_t *, wchar_t *) (weather)
                                                   main (main)
               stack 1 = 00000000 ( 00000004 )
    -------------------------------------------------------------------------
CODE
  Relative segment, address: CODE_AREA 000005C4 - 000005CF (0xc bytes), align: 2
  Segment part 5.
           ENTRY                   ADDRESS         REF BY
           =====                   =======         ======
           operator new[](unsigned int)
                                   000005C4        LoadConfigData(wchar_t const *, wchar_t const *) (conf_loader)
                                                   Weather::Weather(Weather *) (weather)
                                                   getDate() (fileAnaliser)
                                                   getTag(wchar_t *, int, int &) (fileAnaliser)
                                                   getWSubStr(wchar_t *, int, int) (Utils)
                                                   getWeather(wchar_t *, int &, wchar_t *) (fileAnaliser)
                                                   int2wstr(int) (Utils)
                                                   openFile(wchar_t const *, wchar_t *) (openfile)
                                                   returnMask(wchar_t const *, int, bool, float (__atpcs __interwork *)(int), int) (standbyDraw)
               stack 1 = 00000000 ( 00000004 )
    -------------------------------------------------------------------------
CODE
  Relative segment, address: CODE_AREA 000005D0 - 000005DB (0xc bytes), align: 2
  Segment part 7.
           ENTRY                   ADDRESS         REF BY
           =====                   =======         ======
           operator delete(void *)
                                   000005D0        LoadConfigData(wchar_t const *, wchar_t const *) (conf_loader)
                                                   MyBook::freeMyVars() (mybook)
                                                   Weather::delete ~Weather(Weather *) (weather)
                                                   Weather::~Weather() (weather)
                                                   beginFile() (standbyDraw)
                                                   drawOnStby(wchar_t *, int, int, int, int, int) (standbyDraw)
                                                   finalDraw(wchar_t *, int, int, int, int, wchar_t *, wchar_t *, int) (standbyDraw)
                                                   getDayState(wchar_t *, int &) (fileAnaliser)
                                                   getDayWeather(wchar_t *, int &, wchar_t *) (fileAnaliser)
                                                   getWeather(wchar_t *, int &, wchar_t *) (fileAnaliser)
                                                   getWeatherConditions(wchar_t *, wchar_t *) (fileAnaliser)
                                                   onCloseBEBook(BOOK *) (standbyDraw)
                                                   openFile(wchar_t const *, wchar_t *) (openfile)
               stack 1 = 00000000 ( 00000004 )

    *************************************************************************

  FILE NAME : C:\Users\Faby\Desktop\StudyElf\AccuWeather Widget\Release\Obj\conf_loader.r79
  PROGRAM MODULE, NAME : conf_loader

  SEGMENTS IN THE MODULE
  ======================
DATA_I
  Relative segment, address: DATA_AREA 00000000 - 00000007 (0x8 bytes), align: 2
  Segment part 4.             Intra module refs:   LoadConfigData(wchar_t const *, wchar_t const *)
           ENTRY                   ADDRESS         REF BY
           =====                   =======         ======
           successed_config_name   00000004        ReconfigElf(void *, BOOK *) (standbyDraw)
                                                   onBcfgConfig(void *, BOOK *) (main)
           successed_config_path   00000000        ReconfigElf(void *, BOOK *) (standbyDraw)
                                                   onBcfgConfig(void *, BOOK *) (main)
    -------------------------------------------------------------------------
CODE
  Relative segment, address: CODE_AREA 000005DC - 000006FF (0x124 bytes), align: 2
  Segment part 7.             Intra module refs:   InitConfig()
           ENTRY                   ADDRESS         REF BY
           =====                   =======         ======
           LoadConfigData(wchar_t const *, wchar_t const *)
                                   000005DC 
               stack 1 = 00000000 ( 00000044 )
    -------------------------------------------------------------------------
CODE
  Relative segment, address: CODE_AREA 00000700 - 00000737 (0x38 bytes), align: 2
  Segment part 9.
           ENTRY                   ADDRESS         REF BY
           =====                   =======         ======
           InitConfig()            00000700        ReconfigElf(void *, BOOK *) (standbyDraw)
                                                   main (main)
               stack 1 = 00000000 ( 00000008 )
    -------------------------------------------------------------------------
DATA_ID
  Relative segment, address: CODE_AREA 00000000 - 00000007 (0x8 bytes), align: 2
  Segment part 5.             Intra module refs:   Segment part 4
    -------------------------------------------------------------------------
INITTAB
  Relative segment, address: CODE_AREA 00003498 - 000034A3 (0xc bytes), align: 2
  Segment part 13. ROOT.
           ENTRY                   ADDRESS         REF BY
           =====                   =======         ======
           ?init?tab?DATA_I        00003498 
    -------------------------------------------------------------------------
DATA_C
  Relative segment, address: CODE_AREA 00003494 - 00003495 (0x2 bytes), align: 1
  Segment part 2.             Intra module refs:   Segment part 5
    -------------------------------------------------------------------------
DATA_C
  Relative segment, address: CODE_AREA 00002E00 - 00002E2F (0x30 bytes), align: 2
  Segment part 3.             Intra module refs:   InitConfig()

    *************************************************************************

  FILE NAME : C:\Users\Faby\Desktop\StudyElf\AccuWeather Widget\Release\Obj\config_data.r79
  PROGRAM MODULE, NAME : config_data

  SEGMENTS IN THE MODULE
  ======================
CONFIG_C
  Relative segment, address: CODE_AREA 000034A4 - 000034CF (0x2c bytes), align: 2
  Segment part 2. ROOT.
    -------------------------------------------------------------------------
CONFIG_C
  Relative segment, address: CODE_AREA 000034D0 - 000034FB (0x2c bytes), align: 2
  Segment part 3. ROOT.
    -------------------------------------------------------------------------
CONFIG_C
  Relative segment, address: CODE_AREA 000034FC - 00003527 (0x2c bytes), align: 2
  Segment part 4. ROOT.
    -------------------------------------------------------------------------
CONFIG_C
  Relative segment, address: CODE_AREA 00003528 - 0000352B (0x4 bytes), align: 2
  Segment part 5. ROOT.
           ENTRY                   ADDRESS         REF BY
           =====                   =======         ======
           BCFG_Images_Background_Enable
                                   00003528        Segment part 90 (standbyDraw)
    -------------------------------------------------------------------------
CONFIG_C
  Relative segment, address: CODE_AREA 0000352C - 00003557 (0x2c bytes), align: 2
  Segment part 6. ROOT.
    -------------------------------------------------------------------------
CONFIG_C
  Relative segment, address: CODE_AREA 00003558 - 0000355B (0x4 bytes), align: 2
  Segment part 7. ROOT.
           ENTRY                   ADDRESS         REF BY
           =====                   =======         ======
           BCFG_Images_Background_Position_X
                                   00003558        finalDraw(wchar_t *, int, int, int, int, wchar_t *, wchar_t *, int) (standbyDraw)
    -------------------------------------------------------------------------
CONFIG_C
  Relative segment, address: CODE_AREA 0000355C - 0000355F (0x4 bytes), align: 2
  Segment part 8. ROOT.
           ENTRY                   ADDRESS         REF BY
           =====                   =======         ======
           BCFG_Images_Background_Position_Y
                                   0000355C        finalDraw(wchar_t *, int, int, int, int, wchar_t *, wchar_t *, int) (standbyDraw)
    -------------------------------------------------------------------------
CONFIG_C
  Relative segment, address: CODE_AREA 00003560 - 0000358B (0x2c bytes), align: 2
  Segment part 9. ROOT.
    -------------------------------------------------------------------------
CONFIG_C
  Relative segment, address: CODE_AREA 0000358C - 0000358F (0x4 bytes), align: 2
  Segment part 10. ROOT.
           ENTRY                   ADDRESS         REF BY
           =====                   =======         ======
           BCFG_Images_Background_Method
                                   0000358C        Segment part 89 (standbyDraw)
    -------------------------------------------------------------------------
CONFIG_C
  Relative segment, address: CODE_AREA 00003590 - 000035EF (0x60 bytes), align: 2
  Segment part 11. ROOT.
    -------------------------------------------------------------------------
CONFIG_C
  Relative segment, address: CODE_AREA 000035F0 - 0000361B (0x2c bytes), align: 2
  Segment part 12. ROOT.
    -------------------------------------------------------------------------
CONFIG_C
  Relative segment, address: CODE_AREA 0000361C - 0000361F (0x4 bytes), align: 2
  Segment part 13. ROOT.
           ENTRY                   ADDRESS         REF BY
           =====                   =======         ======
           BCFG_RefreshTime        0000361C        Segment part 91 (standbyDraw)
    -------------------------------------------------------------------------
CONFIG_C
  Relative segment, address: CODE_AREA 00003620 - 0000364B (0x2c bytes), align: 2
  Segment part 14. ROOT.
    -------------------------------------------------------------------------
CONFIG_C
  Relative segment, address: CODE_AREA 0000364C - 00003677 (0x2c bytes), align: 2
  Segment part 15. ROOT.
    -------------------------------------------------------------------------
CONFIG_C
  Relative segment, address: CODE_AREA 00003678 - 000036A3 (0x2c bytes), align: 2
  Segment part 16. ROOT.
    -------------------------------------------------------------------------
CONFIG_C
  Relative segment, address: CODE_AREA 000036A4 - 000036A7 (0x4 bytes), align: 2
  Segment part 17. ROOT.
           ENTRY                   ADDRESS         REF BY
           =====                   =======         ======
           BCFG_Images_DayState_Enable
                                   000036A4        finalDraw(wchar_t *, int, int, int, int, wchar_t *, wchar_t *, int) (standbyDraw)
    -------------------------------------------------------------------------
CONFIG_C
  Relative segment, address: CODE_AREA 000036A8 - 000036D3 (0x2c bytes), align: 2
  Segment part 18. ROOT.
    -------------------------------------------------------------------------
CONFIG_C
  Relative segment, address: CODE_AREA 000036D4 - 000036D7 (0x4 bytes), align: 2
  Segment part 19. ROOT.
           ENTRY                   ADDRESS         REF BY
           =====                   =======         ======
           BCFG_Images_DayState_Position_X
                                   000036D4        finalDraw(wchar_t *, int, int, int, int, wchar_t *, wchar_t *, int) (standbyDraw)
    -------------------------------------------------------------------------
CONFIG_C
  Relative segment, address: CODE_AREA 000036D8 - 000036DB (0x4 bytes), align: 2
  Segment part 20. ROOT.
           ENTRY                   ADDRESS         REF BY
           =====                   =======         ======
           BCFG_Images_DayState_Position_Y
                                   000036D8        finalDraw(wchar_t *, int, int, int, int, wchar_t *, wchar_t *, int) (standbyDraw)
    -------------------------------------------------------------------------
CONFIG_C
  Relative segment, address: CODE_AREA 000036DC - 00003707 (0x2c bytes), align: 2
  Segment part 21. ROOT.
    -------------------------------------------------------------------------
CONFIG_C
  Relative segment, address: CODE_AREA 00003708 - 00003733 (0x2c bytes), align: 2
  Segment part 22. ROOT.
    -------------------------------------------------------------------------
CONFIG_C
  Relative segment, address: CODE_AREA 00003734 - 0000375F (0x2c bytes), align: 2
  Segment part 23. ROOT.
    -------------------------------------------------------------------------
CONFIG_C
  Relative segment, address: CODE_AREA 00003760 - 00003763 (0x4 bytes), align: 2
  Segment part 24. ROOT.
           ENTRY                   ADDRESS         REF BY
           =====                   =======         ======
           BCFG_Images_AccuWeatherLogo_Enable
                                   00003760        finalDraw(wchar_t *, int, int, int, int, wchar_t *, wchar_t *, int) (standbyDraw)
    -------------------------------------------------------------------------
CONFIG_C
  Relative segment, address: CODE_AREA 00003764 - 0000378F (0x2c bytes), align: 2
  Segment part 25. ROOT.
    -------------------------------------------------------------------------
CONFIG_C
  Relative segment, address: CODE_AREA 00003790 - 00003793 (0x4 bytes), align: 2
  Segment part 26. ROOT.
           ENTRY                   ADDRESS         REF BY
           =====                   =======         ======
           BCFG_Images_AccuWeatherLogo_Position_X
                                   00003790        finalDraw(wchar_t *, int, int, int, int, wchar_t *, wchar_t *, int) (standbyDraw)
    -------------------------------------------------------------------------
CONFIG_C
  Relative segment, address: CODE_AREA 00003794 - 00003797 (0x4 bytes), align: 2
  Segment part 27. ROOT.
           ENTRY                   ADDRESS         REF BY
           =====                   =======         ======
           BCFG_Images_AccuWeatherLogo_Position_Y
                                   00003794        finalDraw(wchar_t *, int, int, int, int, wchar_t *, wchar_t *, int) (standbyDraw)
    -------------------------------------------------------------------------
CONFIG_C
  Relative segment, address: CODE_AREA 00003798 - 000037C3 (0x2c bytes), align: 2
  Segment part 28. ROOT.
    -------------------------------------------------------------------------
CONFIG_C
  Relative segment, address: CODE_AREA 000037C4 - 000037EF (0x2c bytes), align: 2
  Segment part 29. ROOT.
    -------------------------------------------------------------------------
CONFIG_C
  Relative segment, address: CODE_AREA 000037F0 - 0000381B (0x2c bytes), align: 2
  Segment part 30. ROOT.
    -------------------------------------------------------------------------
CONFIG_C
  Relative segment, address: CODE_AREA 0000381C - 0000381F (0x4 bytes), align: 2
  Segment part 31. ROOT.
           ENTRY                   ADDRESS         REF BY
           =====                   =======         ======
           BCFG_Images_WindDirection_Enable
                                   0000381C 
    -------------------------------------------------------------------------
CONFIG_C
  Relative segment, address: CODE_AREA 00003820 - 0000384B (0x2c bytes), align: 2
  Segment part 32. ROOT.
    -------------------------------------------------------------------------
CONFIG_C
  Relative segment, address: CODE_AREA 0000384C - 0000384F (0x4 bytes), align: 2
  Segment part 33. ROOT.
           ENTRY                   ADDRESS         REF BY
           =====                   =======         ======
           BCFG_Images_WindDirection_Position_X
                                   0000384C 
    -------------------------------------------------------------------------
CONFIG_C
  Relative segment, address: CODE_AREA 00003850 - 00003853 (0x4 bytes), align: 2
  Segment part 34. ROOT.
           ENTRY                   ADDRESS         REF BY
           =====                   =======         ======
           BCFG_Images_WindDirection_Position_Y
                                   00003850 
    -------------------------------------------------------------------------
CONFIG_C
  Relative segment, address: CODE_AREA 00003854 - 0000387F (0x2c bytes), align: 2
  Segment part 35. ROOT.
    -------------------------------------------------------------------------
CONFIG_C
  Relative segment, address: CODE_AREA 00003880 - 000038AB (0x2c bytes), align: 2
  Segment part 36. ROOT.
    -------------------------------------------------------------------------
CONFIG_C
  Relative segment, address: CODE_AREA 000038AC - 000038AF (0x4 bytes), align: 2
  Segment part 37. ROOT.
           ENTRY                   ADDRESS         REF BY
           =====                   =======         ======
           BCFG_Images_ImageOnTop
                                   000038AC        finalDraw(wchar_t *, int, int, int, int, wchar_t *, wchar_t *, int) (standbyDraw)
    -------------------------------------------------------------------------
CONFIG_C
  Relative segment, address: CODE_AREA 000038B0 - 000038DB (0x2c bytes), align: 2
  Segment part 38. ROOT.
    -------------------------------------------------------------------------
CONFIG_C
  Relative segment, address: CODE_AREA 000038DC - 00003907 (0x2c bytes), align: 2
  Segment part 39. ROOT.
    -------------------------------------------------------------------------
CONFIG_C
  Relative segment, address: CODE_AREA 00003908 - 00003933 (0x2c bytes), align: 2
  Segment part 40. ROOT.
    -------------------------------------------------------------------------
CONFIG_C
  Relative segment, address: CODE_AREA 00003934 - 0000395F (0x2c bytes), align: 2
  Segment part 41. ROOT.
    -------------------------------------------------------------------------
CONFIG_C
  Relative segment, address: CODE_AREA 00003960 - 00003963 (0x4 bytes), align: 2
  Segment part 42. ROOT.
           ENTRY                   ADDRESS         REF BY
           =====                   =======         ======
           BCFG_Tags_MinTemperature_Enable
                                   00003960        finalDraw(wchar_t *, int, int, int, int, wchar_t *, wchar_t *, int) (standbyDraw)
    -------------------------------------------------------------------------
CONFIG_C
  Relative segment, address: CODE_AREA 00003964 - 0000398F (0x2c bytes), align: 2
  Segment part 43. ROOT.
    -------------------------------------------------------------------------
CONFIG_C
  Relative segment, address: CODE_AREA 00003990 - 00003993 (0x4 bytes), align: 2
  Segment part 44. ROOT.
           ENTRY                   ADDRESS         REF BY
           =====                   =======         ======
           BCFG_Tags_MinTemperature_Position_X
                                   00003990        finalDraw(wchar_t *, int, int, int, int, wchar_t *, wchar_t *, int) (standbyDraw)
    -------------------------------------------------------------------------
CONFIG_C
  Relative segment, address: CODE_AREA 00003994 - 00003997 (0x4 bytes), align: 2
  Segment part 45. ROOT.
           ENTRY                   ADDRESS         REF BY
           =====                   =======         ======
           BCFG_Tags_MinTemperature_Position_Y
                                   00003994        finalDraw(wchar_t *, int, int, int, int, wchar_t *, wchar_t *, int) (standbyDraw)
    -------------------------------------------------------------------------
CONFIG_C
  Relative segment, address: CODE_AREA 00003998 - 000039C3 (0x2c bytes), align: 2
  Segment part 46. ROOT.
    -------------------------------------------------------------------------
CONFIG_C
  Relative segment, address: CODE_AREA 000039C4 - 000039C7 (0x4 bytes), align: 2
  Segment part 47. ROOT.
           ENTRY                   ADDRESS         REF BY
           =====                   =======         ======
           BCFG_Tags_MinTemperature_FontSize
                                   000039C4        finalDraw(wchar_t *, int, int, int, int, wchar_t *, wchar_t *, int) (standbyDraw)
    -------------------------------------------------------------------------
CONFIG_C
  Relative segment, address: CODE_AREA 000039C8 - 000039F3 (0x2c bytes), align: 2
  Segment part 48. ROOT.
    -------------------------------------------------------------------------
CONFIG_C
  Relative segment, address: CODE_AREA 000039F4 - 000039F7 (0x4 bytes), align: 2
  Segment part 49. ROOT.
           ENTRY                   ADDRESS         REF BY
           =====                   =======         ======
           BCFG_Tags_MinTemperature_TextColor
                                   000039F4        finalDraw(wchar_t *, int, int, int, int, wchar_t *, wchar_t *, int) (standbyDraw)
    -------------------------------------------------------------------------
CONFIG_C
  Relative segment, address: CODE_AREA 000039F8 - 00003A23 (0x2c bytes), align: 2
  Segment part 50. ROOT.
    -------------------------------------------------------------------------
CONFIG_C
  Relative segment, address: CODE_AREA 00003A24 - 00003A27 (0x4 bytes), align: 2
  Segment part 51. ROOT.
           ENTRY                   ADDRESS         REF BY
           =====                   =======         ======
           BCFG_Tags_MinTemperature_EnableShadow
                                   00003A24        finalDraw(wchar_t *, int, int, int, int, wchar_t *, wchar_t *, int) (standbyDraw)
    -------------------------------------------------------------------------
CONFIG_C
  Relative segment, address: CODE_AREA 00003A28 - 00003A53 (0x2c bytes), align: 2
  Segment part 52. ROOT.
    -------------------------------------------------------------------------
CONFIG_C
  Relative segment, address: CODE_AREA 00003A54 - 00003A57 (0x4 bytes), align: 2
  Segment part 53. ROOT.
           ENTRY                   ADDRESS         REF BY
           =====                   =======         ======
           BCFG_Tags_MinTemperature_ShadowColor
                                   00003A54        finalDraw(wchar_t *, int, int, int, int, wchar_t *, wchar_t *, int) (standbyDraw)
    -------------------------------------------------------------------------
CONFIG_C
  Relative segment, address: CODE_AREA 00003A58 - 00003A83 (0x2c bytes), align: 2
  Segment part 54. ROOT.
    -------------------------------------------------------------------------
CONFIG_C
  Relative segment, address: CODE_AREA 00003A84 - 00003A87 (0x4 bytes), align: 2
  Segment part 55. ROOT.
           ENTRY                   ADDRESS         REF BY
           =====                   =======         ======
           BCFG_Tags_MinTemperature_Align
                                   00003A84        finalDraw(wchar_t *, int, int, int, int, wchar_t *, wchar_t *, int) (standbyDraw)
    -------------------------------------------------------------------------
CONFIG_C
  Relative segment, address: CODE_AREA 00003A88 - 00003AE7 (0x60 bytes), align: 2
  Segment part 56. ROOT.
    -------------------------------------------------------------------------
CONFIG_C
  Relative segment, address: CODE_AREA 00003AE8 - 00003B13 (0x2c bytes), align: 2
  Segment part 57. ROOT.
    -------------------------------------------------------------------------
CONFIG_C
  Relative segment, address: CODE_AREA 00003B14 - 00003BB7 (0xa4 bytes), align: 2
  Segment part 58. ROOT.
           ENTRY                   ADDRESS         REF BY
           =====                   =======         ======
           BCFG_Tags_MinTemperature_Mask
                                   00003B14        finalDraw(wchar_t *, int, int, int, int, wchar_t *, wchar_t *, int) (standbyDraw)
    -------------------------------------------------------------------------
CONFIG_C
  Relative segment, address: CODE_AREA 00003BB8 - 00003BE3 (0x2c bytes), align: 2
  Segment part 59. ROOT.
    -------------------------------------------------------------------------
CONFIG_C
  Relative segment, address: CODE_AREA 00003BE4 - 00003BE7 (0x4 bytes), align: 2
  Segment part 60. ROOT.
           ENTRY                   ADDRESS         REF BY
           =====                   =======         ======
           BCFG_Tags_MinTemperature_Unit
                                   00003BE4        finalDraw(wchar_t *, int, int, int, int, wchar_t *, wchar_t *, int) (standbyDraw)
    -------------------------------------------------------------------------
CONFIG_C
  Relative segment, address: CODE_AREA 00003BE8 - 00003C27 (0x40 bytes), align: 2
  Segment part 61. ROOT.
    -------------------------------------------------------------------------
CONFIG_C
  Relative segment, address: CODE_AREA 00003C28 - 00003C53 (0x2c bytes), align: 2
  Segment part 62. ROOT.
    -------------------------------------------------------------------------
CONFIG_C
  Relative segment, address: CODE_AREA 00003C54 - 00003C7F (0x2c bytes), align: 2
  Segment part 63. ROOT.
    -------------------------------------------------------------------------
CONFIG_C
  Relative segment, address: CODE_AREA 00003C80 - 00003CAB (0x2c bytes), align: 2
  Segment part 64. ROOT.
    -------------------------------------------------------------------------
CONFIG_C
  Relative segment, address: CODE_AREA 00003CAC - 00003CAF (0x4 bytes), align: 2
  Segment part 65. ROOT.
           ENTRY                   ADDRESS         REF BY
           =====                   =======         ======
           BCFG_Tags_AverageTemperature_Enable
                                   00003CAC        finalDraw(wchar_t *, int, int, int, int, wchar_t *, wchar_t *, int) (standbyDraw)
    -------------------------------------------------------------------------
CONFIG_C
  Relative segment, address: CODE_AREA 00003CB0 - 00003CDB (0x2c bytes), align: 2
  Segment part 66. ROOT.
    -------------------------------------------------------------------------
CONFIG_C
  Relative segment, address: CODE_AREA 00003CDC - 00003CDF (0x4 bytes), align: 2
  Segment part 67. ROOT.
           ENTRY                   ADDRESS         REF BY
           =====                   =======         ======
           BCFG_Tags_AverageTemperature_Position_X
                                   00003CDC        finalDraw(wchar_t *, int, int, int, int, wchar_t *, wchar_t *, int) (standbyDraw)
    -------------------------------------------------------------------------
CONFIG_C
  Relative segment, address: CODE_AREA 00003CE0 - 00003CE3 (0x4 bytes), align: 2
  Segment part 68. ROOT.
           ENTRY                   ADDRESS         REF BY
           =====                   =======         ======
           BCFG_Tags_AverageTemperature_Position_Y
                                   00003CE0        finalDraw(wchar_t *, int, int, int, int, wchar_t *, wchar_t *, int) (standbyDraw)
    -------------------------------------------------------------------------
CONFIG_C
  Relative segment, address: CODE_AREA 00003CE4 - 00003D0F (0x2c bytes), align: 2
  Segment part 69. ROOT.
    -------------------------------------------------------------------------
CONFIG_C
  Relative segment, address: CODE_AREA 00003D10 - 00003D13 (0x4 bytes), align: 2
  Segment part 70. ROOT.
           ENTRY                   ADDRESS         REF BY
           =====                   =======         ======
           BCFG_Tags_AverageTemperature_FontSize
                                   00003D10        finalDraw(wchar_t *, int, int, int, int, wchar_t *, wchar_t *, int) (standbyDraw)
    -------------------------------------------------------------------------
CONFIG_C
  Relative segment, address: CODE_AREA 00003D14 - 00003D3F (0x2c bytes), align: 2
  Segment part 71. ROOT.
    -------------------------------------------------------------------------
CONFIG_C
  Relative segment, address: CODE_AREA 00003D40 - 00003D43 (0x4 bytes), align: 2
  Segment part 72. ROOT.
           ENTRY                   ADDRESS         REF BY
           =====                   =======         ======
           BCFG_Tags_AverageTemperature_TextColor
                                   00003D40        finalDraw(wchar_t *, int, int, int, int, wchar_t *, wchar_t *, int) (standbyDraw)
    -------------------------------------------------------------------------
CONFIG_C
  Relative segment, address: CODE_AREA 00003D44 - 00003D6F (0x2c bytes), align: 2
  Segment part 73. ROOT.
    -------------------------------------------------------------------------
CONFIG_C
  Relative segment, address: CODE_AREA 00003D70 - 00003D73 (0x4 bytes), align: 2
  Segment part 74. ROOT.
           ENTRY                   ADDRESS         REF BY
           =====                   =======         ======
           BCFG_Tags_AverageTemperature_EnableShadow
                                   00003D70        finalDraw(wchar_t *, int, int, int, int, wchar_t *, wchar_t *, int) (standbyDraw)
    -------------------------------------------------------------------------
CONFIG_C
  Relative segment, address: CODE_AREA 00003D74 - 00003D9F (0x2c bytes), align: 2
  Segment part 75. ROOT.
    -------------------------------------------------------------------------
CONFIG_C
  Relative segment, address: CODE_AREA 00003DA0 - 00003DA3 (0x4 bytes), align: 2
  Segment part 76. ROOT.
           ENTRY                   ADDRESS         REF BY
           =====                   =======         ======
           BCFG_Tags_AverageTemperature_ShadowColor
                                   00003DA0        finalDraw(wchar_t *, int, int, int, int, wchar_t *, wchar_t *, int) (standbyDraw)
    -------------------------------------------------------------------------
CONFIG_C
  Relative segment, address: CODE_AREA 00003DA4 - 00003DCF (0x2c bytes), align: 2
  Segment part 77. ROOT.
    -------------------------------------------------------------------------
CONFIG_C
  Relative segment, address: CODE_AREA 00003DD0 - 00003DD3 (0x4 bytes), align: 2
  Segment part 78. ROOT.
           ENTRY                   ADDRESS         REF BY
           =====                   =======         ======
           BCFG_Tags_AverageTemperature_Align
                                   00003DD0        finalDraw(wchar_t *, int, int, int, int, wchar_t *, wchar_t *, int) (standbyDraw)
    -------------------------------------------------------------------------
CONFIG_C
  Relative segment, address: CODE_AREA 00003DD4 - 00003E33 (0x60 bytes), align: 2
  Segment part 79. ROOT.
    -------------------------------------------------------------------------
CONFIG_C
  Relative segment, address: CODE_AREA 00003E34 - 00003E5F (0x2c bytes), align: 2
  Segment part 80. ROOT.
    -------------------------------------------------------------------------
CONFIG_C
  Relative segment, address: CODE_AREA 00003E60 - 00003F03 (0xa4 bytes), align: 2
  Segment part 81. ROOT.
           ENTRY                   ADDRESS         REF BY
           =====                   =======         ======
           BCFG_Tags_AverageTemperature_Mask
                                   00003E60        finalDraw(wchar_t *, int, int, int, int, wchar_t *, wchar_t *, int) (standbyDraw)
    -------------------------------------------------------------------------
CONFIG_C
  Relative segment, address: CODE_AREA 00003F04 - 00003F2F (0x2c bytes), align: 2
  Segment part 82. ROOT.
    -------------------------------------------------------------------------
CONFIG_C
  Relative segment, address: CODE_AREA 00003F30 - 00003F33 (0x4 bytes), align: 2
  Segment part 83. ROOT.
           ENTRY                   ADDRESS         REF BY
           =====                   =======         ======
           BCFG_Tags_AverageTemperature_Unit
                                   00003F30        finalDraw(wchar_t *, int, int, int, int, wchar_t *, wchar_t *, int) (standbyDraw)
    -------------------------------------------------------------------------
CONFIG_C
  Relative segment, address: CODE_AREA 00003F34 - 00003F73 (0x40 bytes), align: 2
  Segment part 84. ROOT.
    -------------------------------------------------------------------------
CONFIG_C
  Relative segment, address: CODE_AREA 00003F74 - 00003F9F (0x2c bytes), align: 2
  Segment part 85. ROOT.
    -------------------------------------------------------------------------
CONFIG_C
  Relative segment, address: CODE_AREA 00003FA0 - 00003FCB (0x2c bytes), align: 2
  Segment part 86. ROOT.
    -------------------------------------------------------------------------
CONFIG_C
  Relative segment, address: CODE_AREA 00003FCC - 00003FF7 (0x2c bytes), align: 2
  Segment part 87. ROOT.
    -------------------------------------------------------------------------
CONFIG_C
  Relative segment, address: CODE_AREA 00003FF8 - 00003FFB (0x4 bytes), align: 2
  Segment part 88. ROOT.
           ENTRY                   ADDRESS         REF BY
           =====                   =======         ======
           BCFG_Tags_MaxTemperature_Enable
                                   00003FF8        finalDraw(wchar_t *, int, int, int, int, wchar_t *, wchar_t *, int) (standbyDraw)
    -------------------------------------------------------------------------
CONFIG_C
  Relative segment, address: CODE_AREA 00003FFC - 00004027 (0x2c bytes), align: 2
  Segment part 89. ROOT.
    -------------------------------------------------------------------------
CONFIG_C
  Relative segment, address: CODE_AREA 00004028 - 0000402B (0x4 bytes), align: 2
  Segment part 90. ROOT.
           ENTRY                   ADDRESS         REF BY
           =====                   =======         ======
           BCFG_Tags_MaxTemperature_Position_X
                                   00004028        finalDraw(wchar_t *, int, int, int, int, wchar_t *, wchar_t *, int) (standbyDraw)
    -------------------------------------------------------------------------
CONFIG_C
  Relative segment, address: CODE_AREA 0000402C - 0000402F (0x4 bytes), align: 2
  Segment part 91. ROOT.
           ENTRY                   ADDRESS         REF BY
           =====                   =======         ======
           BCFG_Tags_MaxTemperature_Position_Y
                                   0000402C        finalDraw(wchar_t *, int, int, int, int, wchar_t *, wchar_t *, int) (standbyDraw)
    -------------------------------------------------------------------------
CONFIG_C
  Relative segment, address: CODE_AREA 00004030 - 0000405B (0x2c bytes), align: 2
  Segment part 92. ROOT.
    -------------------------------------------------------------------------
CONFIG_C
  Relative segment, address: CODE_AREA 0000405C - 0000405F (0x4 bytes), align: 2
  Segment part 93. ROOT.
           ENTRY                   ADDRESS         REF BY
           =====                   =======         ======
           BCFG_Tags_MaxTemperature_FontSize
                                   0000405C        finalDraw(wchar_t *, int, int, int, int, wchar_t *, wchar_t *, int) (standbyDraw)
    -------------------------------------------------------------------------
CONFIG_C
  Relative segment, address: CODE_AREA 00004060 - 0000408B (0x2c bytes), align: 2
  Segment part 94. ROOT.
    -------------------------------------------------------------------------
CONFIG_C
  Relative segment, address: CODE_AREA 0000408C - 0000408F (0x4 bytes), align: 2
  Segment part 95. ROOT.
           ENTRY                   ADDRESS         REF BY
           =====                   =======         ======
           BCFG_Tags_MaxTemperature_TextColor
                                   0000408C        finalDraw(wchar_t *, int, int, int, int, wchar_t *, wchar_t *, int) (standbyDraw)
    -------------------------------------------------------------------------
CONFIG_C
  Relative segment, address: CODE_AREA 00004090 - 000040BB (0x2c bytes), align: 2
  Segment part 96. ROOT.
    -------------------------------------------------------------------------
CONFIG_C
  Relative segment, address: CODE_AREA 000040BC - 000040BF (0x4 bytes), align: 2
  Segment part 97. ROOT.
           ENTRY                   ADDRESS         REF BY
           =====                   =======         ======
           BCFG_Tags_MaxTemperature_EnableShadow
                                   000040BC        finalDraw(wchar_t *, int, int, int, int, wchar_t *, wchar_t *, int) (standbyDraw)
    -------------------------------------------------------------------------
CONFIG_C
  Relative segment, address: CODE_AREA 000040C0 - 000040EB (0x2c bytes), align: 2
  Segment part 98. ROOT.
    -------------------------------------------------------------------------
CONFIG_C
  Relative segment, address: CODE_AREA 000040EC - 000040EF (0x4 bytes), align: 2
  Segment part 99. ROOT.
           ENTRY                   ADDRESS         REF BY
           =====                   =======         ======
           BCFG_Tags_MaxTemperature_ShadowColor
                                   000040EC        finalDraw(wchar_t *, int, int, int, int, wchar_t *, wchar_t *, int) (standbyDraw)
    -------------------------------------------------------------------------
CONFIG_C
  Relative segment, address: CODE_AREA 000040F0 - 0000411B (0x2c bytes), align: 2
  Segment part 100. ROOT.
    -------------------------------------------------------------------------
CONFIG_C
  Relative segment, address: CODE_AREA 0000411C - 0000411F (0x4 bytes), align: 2
  Segment part 101. ROOT.
           ENTRY                   ADDRESS         REF BY
           =====                   =======         ======
           BCFG_Tags_MaxTemperature_Align
                                   0000411C        finalDraw(wchar_t *, int, int, int, int, wchar_t *, wchar_t *, int) (standbyDraw)
    -------------------------------------------------------------------------
CONFIG_C
  Relative segment, address: CODE_AREA 00004120 - 0000417F (0x60 bytes), align: 2
  Segment part 102. ROOT.
    -------------------------------------------------------------------------
CONFIG_C
  Relative segment, address: CODE_AREA 00004180 - 000041AB (0x2c bytes), align: 2
  Segment part 103. ROOT.
    -------------------------------------------------------------------------
CONFIG_C
  Relative segment, address: CODE_AREA 000041AC - 0000424F (0xa4 bytes), align: 2
  Segment part 104. ROOT.
           ENTRY                   ADDRESS         REF BY
           =====                   =======         ======
           BCFG_Tags_MaxTemperature_Mask
                                   000041AC        finalDraw(wchar_t *, int, int, int, int, wchar_t *, wchar_t *, int) (standbyDraw)
    -------------------------------------------------------------------------
CONFIG_C
  Relative segment, address: CODE_AREA 00004250 - 0000427B (0x2c bytes), align: 2
  Segment part 105. ROOT.
    -------------------------------------------------------------------------
CONFIG_C
  Relative segment, address: CODE_AREA 0000427C - 0000427F (0x4 bytes), align: 2
  Segment part 106. ROOT.
           ENTRY                   ADDRESS         REF BY
           =====                   =======         ======
           BCFG_Tags_MaxTemperature_Unit
                                   0000427C        finalDraw(wchar_t *, int, int, int, int, wchar_t *, wchar_t *, int) (standbyDraw)
    -------------------------------------------------------------------------
CONFIG_C
  Relative segment, address: CODE_AREA 00004280 - 000042BF (0x40 bytes), align: 2
  Segment part 107. ROOT.
    -------------------------------------------------------------------------
CONFIG_C
  Relative segment, address: CODE_AREA 000042C0 - 000042EB (0x2c bytes), align: 2
  Segment part 108. ROOT.
    -------------------------------------------------------------------------
CONFIG_C
  Relative segment, address: CODE_AREA 000042EC - 00004317 (0x2c bytes), align: 2
  Segment part 109. ROOT.
    -------------------------------------------------------------------------
CONFIG_C
  Relative segment, address: CODE_AREA 00004318 - 00004343 (0x2c bytes), align: 2
  Segment part 110. ROOT.
    -------------------------------------------------------------------------
CONFIG_C
  Relative segment, address: CODE_AREA 00004344 - 00004347 (0x4 bytes), align: 2
  Segment part 111. ROOT.
           ENTRY                   ADDRESS         REF BY
           =====                   =======         ======
           BCFG_Tags_DayState_Enable
                                   00004344        finalDraw(wchar_t *, int, int, int, int, wchar_t *, wchar_t *, int) (standbyDraw)
    -------------------------------------------------------------------------
CONFIG_C
  Relative segment, address: CODE_AREA 00004348 - 00004373 (0x2c bytes), align: 2
  Segment part 112. ROOT.
    -------------------------------------------------------------------------
CONFIG_C
  Relative segment, address: CODE_AREA 00004374 - 00004377 (0x4 bytes), align: 2
  Segment part 113. ROOT.
           ENTRY                   ADDRESS         REF BY
           =====                   =======         ======
           BCFG_Tags_DayState_Position_X
                                   00004374        finalDraw(wchar_t *, int, int, int, int, wchar_t *, wchar_t *, int) (standbyDraw)
    -------------------------------------------------------------------------
CONFIG_C
  Relative segment, address: CODE_AREA 00004378 - 0000437B (0x4 bytes), align: 2
  Segment part 114. ROOT.
           ENTRY                   ADDRESS         REF BY
           =====                   =======         ======
           BCFG_Tags_DayState_Position_Y
                                   00004378        finalDraw(wchar_t *, int, int, int, int, wchar_t *, wchar_t *, int) (standbyDraw)
    -------------------------------------------------------------------------
CONFIG_C
  Relative segment, address: CODE_AREA 0000437C - 000043A7 (0x2c bytes), align: 2
  Segment part 115. ROOT.
    -------------------------------------------------------------------------
CONFIG_C
  Relative segment, address: CODE_AREA 000043A8 - 000043AB (0x4 bytes), align: 2
  Segment part 116. ROOT.
           ENTRY                   ADDRESS         REF BY
           =====                   =======         ======
           BCFG_Tags_DayState_FontSize
                                   000043A8        finalDraw(wchar_t *, int, int, int, int, wchar_t *, wchar_t *, int) (standbyDraw)
    -------------------------------------------------------------------------
CONFIG_C
  Relative segment, address: CODE_AREA 000043AC - 000043D7 (0x2c bytes), align: 2
  Segment part 117. ROOT.
    -------------------------------------------------------------------------
CONFIG_C
  Relative segment, address: CODE_AREA 000043D8 - 000043DB (0x4 bytes), align: 2
  Segment part 118. ROOT.
           ENTRY                   ADDRESS         REF BY
           =====                   =======         ======
           BCFG_Tags_DayState_TextColor
                                   000043D8        finalDraw(wchar_t *, int, int, int, int, wchar_t *, wchar_t *, int) (standbyDraw)
    -------------------------------------------------------------------------
CONFIG_C
  Relative segment, address: CODE_AREA 000043DC - 00004407 (0x2c bytes), align: 2
  Segment part 119. ROOT.
    -------------------------------------------------------------------------
CONFIG_C
  Relative segment, address: CODE_AREA 00004408 - 0000440B (0x4 bytes), align: 2
  Segment part 120. ROOT.
           ENTRY                   ADDRESS         REF BY
           =====                   =======         ======
           BCFG_Tags_DayState_EnableShadow
                                   00004408        finalDraw(wchar_t *, int, int, int, int, wchar_t *, wchar_t *, int) (standbyDraw)
    -------------------------------------------------------------------------
CONFIG_C
  Relative segment, address: CODE_AREA 0000440C - 00004437 (0x2c bytes), align: 2
  Segment part 121. ROOT.
    -------------------------------------------------------------------------
CONFIG_C
  Relative segment, address: CODE_AREA 00004438 - 0000443B (0x4 bytes), align: 2
  Segment part 122. ROOT.
           ENTRY                   ADDRESS         REF BY
           =====                   =======         ======
           BCFG_Tags_DayState_ShadowColor
                                   00004438        finalDraw(wchar_t *, int, int, int, int, wchar_t *, wchar_t *, int) (standbyDraw)
    -------------------------------------------------------------------------
CONFIG_C
  Relative segment, address: CODE_AREA 0000443C - 00004467 (0x2c bytes), align: 2
  Segment part 123. ROOT.
    -------------------------------------------------------------------------
CONFIG_C
  Relative segment, address: CODE_AREA 00004468 - 0000446B (0x4 bytes), align: 2
  Segment part 124. ROOT.
           ENTRY                   ADDRESS         REF BY
           =====                   =======         ======
           BCFG_Tags_DayState_Align
                                   00004468        finalDraw(wchar_t *, int, int, int, int, wchar_t *, wchar_t *, int) (standbyDraw)
    -------------------------------------------------------------------------
CONFIG_C
  Relative segment, address: CODE_AREA 0000446C - 000044CB (0x60 bytes), align: 2
  Segment part 125. ROOT.
    -------------------------------------------------------------------------
CONFIG_C
  Relative segment, address: CODE_AREA 000044CC - 000044F7 (0x2c bytes), align: 2
  Segment part 126. ROOT.
    -------------------------------------------------------------------------
CONFIG_C
  Relative segment, address: CODE_AREA 000044F8 - 000044FB (0x4 bytes), align: 2
  Segment part 127. ROOT.
           ENTRY                   ADDRESS         REF BY
           =====                   =======         ======
           BCFG_Tags_DayState_LineSpacing
                                   000044F8        drawOnStby(wchar_t *, int, int, int, int, int) (standbyDraw)
    -------------------------------------------------------------------------
CONFIG_C
  Relative segment, address: CODE_AREA 000044FC - 00004527 (0x2c bytes), align: 2
  Segment part 128. ROOT.
    -------------------------------------------------------------------------
CONFIG_C
  Relative segment, address: CODE_AREA 00004528 - 00004553 (0x2c bytes), align: 2
  Segment part 129. ROOT.
    -------------------------------------------------------------------------
CONFIG_C
  Relative segment, address: CODE_AREA 00004554 - 0000457F (0x2c bytes), align: 2
  Segment part 130. ROOT.
    -------------------------------------------------------------------------
CONFIG_C
  Relative segment, address: CODE_AREA 00004580 - 00004583 (0x4 bytes), align: 2
  Segment part 131. ROOT.
           ENTRY                   ADDRESS         REF BY
           =====                   =======         ======
           BCFG_Tags_Location_Enable
                                   00004580        finalDraw(wchar_t *, int, int, int, int, wchar_t *, wchar_t *, int) (standbyDraw)
    -------------------------------------------------------------------------
CONFIG_C
  Relative segment, address: CODE_AREA 00004584 - 000045AF (0x2c bytes), align: 2
  Segment part 132. ROOT.
    -------------------------------------------------------------------------
CONFIG_C
  Relative segment, address: CODE_AREA 000045B0 - 000045B3 (0x4 bytes), align: 2
  Segment part 133. ROOT.
           ENTRY                   ADDRESS         REF BY
           =====                   =======         ======
           BCFG_Tags_Location_Position_X
                                   000045B0        finalDraw(wchar_t *, int, int, int, int, wchar_t *, wchar_t *, int) (standbyDraw)
    -------------------------------------------------------------------------
CONFIG_C
  Relative segment, address: CODE_AREA 000045B4 - 000045B7 (0x4 bytes), align: 2
  Segment part 134. ROOT.
           ENTRY                   ADDRESS         REF BY
           =====                   =======         ======
           BCFG_Tags_Location_Position_Y
                                   000045B4        finalDraw(wchar_t *, int, int, int, int, wchar_t *, wchar_t *, int) (standbyDraw)
    -------------------------------------------------------------------------
CONFIG_C
  Relative segment, address: CODE_AREA 000045B8 - 000045E3 (0x2c bytes), align: 2
  Segment part 135. ROOT.
    -------------------------------------------------------------------------
CONFIG_C
  Relative segment, address: CODE_AREA 000045E4 - 000045E7 (0x4 bytes), align: 2
  Segment part 136. ROOT.
           ENTRY                   ADDRESS         REF BY
           =====                   =======         ======
           BCFG_Tags_Location_FontSize
                                   000045E4        finalDraw(wchar_t *, int, int, int, int, wchar_t *, wchar_t *, int) (standbyDraw)
    -------------------------------------------------------------------------
CONFIG_C
  Relative segment, address: CODE_AREA 000045E8 - 00004613 (0x2c bytes), align: 2
  Segment part 137. ROOT.
    -------------------------------------------------------------------------
CONFIG_C
  Relative segment, address: CODE_AREA 00004614 - 00004617 (0x4 bytes), align: 2
  Segment part 138. ROOT.
           ENTRY                   ADDRESS         REF BY
           =====                   =======         ======
           BCFG_Tags_Location_TextColor
                                   00004614        finalDraw(wchar_t *, int, int, int, int, wchar_t *, wchar_t *, int) (standbyDraw)
    -------------------------------------------------------------------------
CONFIG_C
  Relative segment, address: CODE_AREA 00004618 - 00004643 (0x2c bytes), align: 2
  Segment part 139. ROOT.
    -------------------------------------------------------------------------
CONFIG_C
  Relative segment, address: CODE_AREA 00004644 - 00004647 (0x4 bytes), align: 2
  Segment part 140. ROOT.
           ENTRY                   ADDRESS         REF BY
           =====                   =======         ======
           BCFG_Tags_Location_EnableShadow
                                   00004644        finalDraw(wchar_t *, int, int, int, int, wchar_t *, wchar_t *, int) (standbyDraw)
    -------------------------------------------------------------------------
CONFIG_C
  Relative segment, address: CODE_AREA 00004648 - 00004673 (0x2c bytes), align: 2
  Segment part 141. ROOT.
    -------------------------------------------------------------------------
CONFIG_C
  Relative segment, address: CODE_AREA 00004674 - 00004677 (0x4 bytes), align: 2
  Segment part 142. ROOT.
           ENTRY                   ADDRESS         REF BY
           =====                   =======         ======
           BCFG_Tags_Location_ShadowColor
                                   00004674        finalDraw(wchar_t *, int, int, int, int, wchar_t *, wchar_t *, int) (standbyDraw)
    -------------------------------------------------------------------------
CONFIG_C
  Relative segment, address: CODE_AREA 00004678 - 000046A3 (0x2c bytes), align: 2
  Segment part 143. ROOT.
    -------------------------------------------------------------------------
CONFIG_C
  Relative segment, address: CODE_AREA 000046A4 - 000046A7 (0x4 bytes), align: 2
  Segment part 144. ROOT.
           ENTRY                   ADDRESS         REF BY
           =====                   =======         ======
           BCFG_Tags_Location_Align
                                   000046A4        finalDraw(wchar_t *, int, int, int, int, wchar_t *, wchar_t *, int) (standbyDraw)
    -------------------------------------------------------------------------
CONFIG_C
  Relative segment, address: CODE_AREA 000046A8 - 00004707 (0x60 bytes), align: 2
  Segment part 145. ROOT.
    -------------------------------------------------------------------------
CONFIG_C
  Relative segment, address: CODE_AREA 00004708 - 00004733 (0x2c bytes), align: 2
  Segment part 146. ROOT.
    -------------------------------------------------------------------------
CONFIG_C
  Relative segment, address: CODE_AREA 00004734 - 0000475F (0x2c bytes), align: 2
  Segment part 147. ROOT.
    -------------------------------------------------------------------------
CONFIG_C
  Relative segment, address: CODE_AREA 00004760 - 0000478B (0x2c bytes), align: 2
  Segment part 148. ROOT.
    -------------------------------------------------------------------------
CONFIG_C
  Relative segment, address: CODE_AREA 0000478C - 0000478F (0x4 bytes), align: 2
  Segment part 149. ROOT.
           ENTRY                   ADDRESS         REF BY
           =====                   =======         ======
           BCFG_Tags_WindSpeed_Enable
                                   0000478C        finalDraw(wchar_t *, int, int, int, int, wchar_t *, wchar_t *, int) (standbyDraw)
    -------------------------------------------------------------------------
CONFIG_C
  Relative segment, address: CODE_AREA 00004790 - 000047BB (0x2c bytes), align: 2
  Segment part 150. ROOT.
    -------------------------------------------------------------------------
CONFIG_C
  Relative segment, address: CODE_AREA 000047BC - 000047BF (0x4 bytes), align: 2
  Segment part 151. ROOT.
           ENTRY                   ADDRESS         REF BY
           =====                   =======         ======
           BCFG_Tags_WindSpeed_Position_X
                                   000047BC        finalDraw(wchar_t *, int, int, int, int, wchar_t *, wchar_t *, int) (standbyDraw)
    -------------------------------------------------------------------------
CONFIG_C
  Relative segment, address: CODE_AREA 000047C0 - 000047C3 (0x4 bytes), align: 2
  Segment part 152. ROOT.
           ENTRY                   ADDRESS         REF BY
           =====                   =======         ======
           BCFG_Tags_WindSpeed_Position_Y
                                   000047C0        finalDraw(wchar_t *, int, int, int, int, wchar_t *, wchar_t *, int) (standbyDraw)
    -------------------------------------------------------------------------
CONFIG_C
  Relative segment, address: CODE_AREA 000047C4 - 000047EF (0x2c bytes), align: 2
  Segment part 153. ROOT.
    -------------------------------------------------------------------------
CONFIG_C
  Relative segment, address: CODE_AREA 000047F0 - 000047F3 (0x4 bytes), align: 2
  Segment part 154. ROOT.
           ENTRY                   ADDRESS         REF BY
           =====                   =======         ======
           BCFG_Tags_WindSpeed_FontSize
                                   000047F0        finalDraw(wchar_t *, int, int, int, int, wchar_t *, wchar_t *, int) (standbyDraw)
    -------------------------------------------------------------------------
CONFIG_C
  Relative segment, address: CODE_AREA 000047F4 - 0000481F (0x2c bytes), align: 2
  Segment part 155. ROOT.
    -------------------------------------------------------------------------
CONFIG_C
  Relative segment, address: CODE_AREA 00004820 - 00004823 (0x4 bytes), align: 2
  Segment part 156. ROOT.
           ENTRY                   ADDRESS         REF BY
           =====                   =======         ======
           BCFG_Tags_WindSpeed_TextColor
                                   00004820        finalDraw(wchar_t *, int, int, int, int, wchar_t *, wchar_t *, int) (standbyDraw)
    -------------------------------------------------------------------------
CONFIG_C
  Relative segment, address: CODE_AREA 00004824 - 0000484F (0x2c bytes), align: 2
  Segment part 157. ROOT.
    -------------------------------------------------------------------------
CONFIG_C
  Relative segment, address: CODE_AREA 00004850 - 00004853 (0x4 bytes), align: 2
  Segment part 158. ROOT.
           ENTRY                   ADDRESS         REF BY
           =====                   =======         ======
           BCFG_Tags_WindSpeed_EnableShadow
                                   00004850        finalDraw(wchar_t *, int, int, int, int, wchar_t *, wchar_t *, int) (standbyDraw)
    -------------------------------------------------------------------------
CONFIG_C
  Relative segment, address: CODE_AREA 00004854 - 0000487F (0x2c bytes), align: 2
  Segment part 159. ROOT.
    -------------------------------------------------------------------------
CONFIG_C
  Relative segment, address: CODE_AREA 00004880 - 00004883 (0x4 bytes), align: 2
  Segment part 160. ROOT.
           ENTRY                   ADDRESS         REF BY
           =====                   =======         ======
           BCFG_Tags_WindSpeed_ShadowColor
                                   00004880        finalDraw(wchar_t *, int, int, int, int, wchar_t *, wchar_t *, int) (standbyDraw)
    -------------------------------------------------------------------------
CONFIG_C
  Relative segment, address: CODE_AREA 00004884 - 000048AF (0x2c bytes), align: 2
  Segment part 161. ROOT.
    -------------------------------------------------------------------------
CONFIG_C
  Relative segment, address: CODE_AREA 000048B0 - 000048B3 (0x4 bytes), align: 2
  Segment part 162. ROOT.
           ENTRY                   ADDRESS         REF BY
           =====                   =======         ======
           BCFG_Tags_WindSpeed_Align
                                   000048B0        finalDraw(wchar_t *, int, int, int, int, wchar_t *, wchar_t *, int) (standbyDraw)
    -------------------------------------------------------------------------
CONFIG_C
  Relative segment, address: CODE_AREA 000048B4 - 00004913 (0x60 bytes), align: 2
  Segment part 163. ROOT.
    -------------------------------------------------------------------------
CONFIG_C
  Relative segment, address: CODE_AREA 00004914 - 0000493F (0x2c bytes), align: 2
  Segment part 164. ROOT.
    -------------------------------------------------------------------------
CONFIG_C
  Relative segment, address: CODE_AREA 00004940 - 00004AD3 (0x194 bytes), align: 2
  Segment part 165. ROOT.
           ENTRY                   ADDRESS         REF BY
           =====                   =======         ======
           BCFG_Tags_WindSpeed_Mask
                                   00004940        finalDraw(wchar_t *, int, int, int, int, wchar_t *, wchar_t *, int) (standbyDraw)
    -------------------------------------------------------------------------
CONFIG_C
  Relative segment, address: CODE_AREA 00004AD4 - 00004AFF (0x2c bytes), align: 2
  Segment part 166. ROOT.
    -------------------------------------------------------------------------
CONFIG_C
  Relative segment, address: CODE_AREA 00004B00 - 00004B03 (0x4 bytes), align: 2
  Segment part 167. ROOT.
           ENTRY                   ADDRESS         REF BY
           =====                   =======         ======
           BCFG_Tags_WindSpeed_Unit
                                   00004B00        finalDraw(wchar_t *, int, int, int, int, wchar_t *, wchar_t *, int) (standbyDraw)
    -------------------------------------------------------------------------
CONFIG_C
  Relative segment, address: CODE_AREA 00004B04 - 00004B63 (0x60 bytes), align: 2
  Segment part 168. ROOT.
    -------------------------------------------------------------------------
CONFIG_C
  Relative segment, address: CODE_AREA 00004B64 - 00004B8F (0x2c bytes), align: 2
  Segment part 169. ROOT.
    -------------------------------------------------------------------------
CONFIG_C
  Relative segment, address: CODE_AREA 00004B90 - 00004BBB (0x2c bytes), align: 2
  Segment part 170. ROOT.
    -------------------------------------------------------------------------
CONFIG_C
  Relative segment, address: CODE_AREA 00004BBC - 00004BE7 (0x2c bytes), align: 2
  Segment part 171. ROOT.
    -------------------------------------------------------------------------
CONFIG_C
  Relative segment, address: CODE_AREA 00004BE8 - 00004BEB (0x4 bytes), align: 2
  Segment part 172. ROOT.
           ENTRY                   ADDRESS         REF BY
           =====                   =======         ======
           BCFG_Tags_WindDirection_Enable
                                   00004BE8        finalDraw(wchar_t *, int, int, int, int, wchar_t *, wchar_t *, int) (standbyDraw)
    -------------------------------------------------------------------------
CONFIG_C
  Relative segment, address: CODE_AREA 00004BEC - 00004C17 (0x2c bytes), align: 2
  Segment part 173. ROOT.
    -------------------------------------------------------------------------
CONFIG_C
  Relative segment, address: CODE_AREA 00004C18 - 00004C1B (0x4 bytes), align: 2
  Segment part 174. ROOT.
           ENTRY                   ADDRESS         REF BY
           =====                   =======         ======
           BCFG_Tags_WindDirection_Position_X
                                   00004C18        finalDraw(wchar_t *, int, int, int, int, wchar_t *, wchar_t *, int) (standbyDraw)
    -------------------------------------------------------------------------
CONFIG_C
  Relative segment, address: CODE_AREA 00004C1C - 00004C1F (0x4 bytes), align: 2
  Segment part 175. ROOT.
           ENTRY                   ADDRESS         REF BY
           =====                   =======         ======
           BCFG_Tags_WindDirection_Position_Y
                                   00004C1C        finalDraw(wchar_t *, int, int, int, int, wchar_t *, wchar_t *, int) (standbyDraw)
    -------------------------------------------------------------------------
CONFIG_C
  Relative segment, address: CODE_AREA 00004C20 - 00004C4B (0x2c bytes), align: 2
  Segment part 176. ROOT.
    -------------------------------------------------------------------------
CONFIG_C
  Relative segment, address: CODE_AREA 00004C4C - 00004C4F (0x4 bytes), align: 2
  Segment part 177. ROOT.
           ENTRY                   ADDRESS         REF BY
           =====                   =======         ======
           BCFG_Tags_WindDirection_FontSize
                                   00004C4C        finalDraw(wchar_t *, int, int, int, int, wchar_t *, wchar_t *, int) (standbyDraw)
    -------------------------------------------------------------------------
CONFIG_C
  Relative segment, address: CODE_AREA 00004C50 - 00004C7B (0x2c bytes), align: 2
  Segment part 178. ROOT.
    -------------------------------------------------------------------------
CONFIG_C
  Relative segment, address: CODE_AREA 00004C7C - 00004C7F (0x4 bytes), align: 2
  Segment part 179. ROOT.
           ENTRY                   ADDRESS         REF BY
           =====                   =======         ======
           BCFG_Tags_WindDirection_TextColor
                                   00004C7C        finalDraw(wchar_t *, int, int, int, int, wchar_t *, wchar_t *, int) (standbyDraw)
    -------------------------------------------------------------------------
CONFIG_C
  Relative segment, address: CODE_AREA 00004C80 - 00004CAB (0x2c bytes), align: 2
  Segment part 180. ROOT.
    -------------------------------------------------------------------------
CONFIG_C
  Relative segment, address: CODE_AREA 00004CAC - 00004CAF (0x4 bytes), align: 2
  Segment part 181. ROOT.
           ENTRY                   ADDRESS         REF BY
           =====                   =======         ======
           BCFG_Tags_WindDirection_EnableShadow
                                   00004CAC        finalDraw(wchar_t *, int, int, int, int, wchar_t *, wchar_t *, int) (standbyDraw)
    -------------------------------------------------------------------------
CONFIG_C
  Relative segment, address: CODE_AREA 00004CB0 - 00004CDB (0x2c bytes), align: 2
  Segment part 182. ROOT.
    -------------------------------------------------------------------------
CONFIG_C
  Relative segment, address: CODE_AREA 00004CDC - 00004CDF (0x4 bytes), align: 2
  Segment part 183. ROOT.
           ENTRY                   ADDRESS         REF BY
           =====                   =======         ======
           BCFG_Tags_WindDirection_ShadowColor
                                   00004CDC        finalDraw(wchar_t *, int, int, int, int, wchar_t *, wchar_t *, int) (standbyDraw)
    -------------------------------------------------------------------------
CONFIG_C
  Relative segment, address: CODE_AREA 00004CE0 - 00004D0B (0x2c bytes), align: 2
  Segment part 184. ROOT.
    -------------------------------------------------------------------------
CONFIG_C
  Relative segment, address: CODE_AREA 00004D0C - 00004D0F (0x4 bytes), align: 2
  Segment part 185. ROOT.
           ENTRY                   ADDRESS         REF BY
           =====                   =======         ======
           BCFG_Tags_WindDirection_Align
[...]
DATA_C
  Relative segment, address: CODE_AREA 00003314 - 00003323 (0x10 bytes), align: 2
  Segment part 19.            Intra module refs:   Segment part 44
    -------------------------------------------------------------------------
DATA_C
  Relative segment, address: CODE_AREA 00003324 - 00003333 (0x10 bytes), align: 2
  Segment part 20.            Intra module refs:   Segment part 44
    -------------------------------------------------------------------------
DATA_C
  Relative segment, address: CODE_AREA 00003334 - 00003343 (0x10 bytes), align: 2
  Segment part 21.            Intra module refs:   Segment part 44
    -------------------------------------------------------------------------
DATA_C
  Relative segment, address: CODE_AREA 00003344 - 00003353 (0x10 bytes), align: 2
  Segment part 22.            Intra module refs:   Segment part 44
    -------------------------------------------------------------------------
DATA_C
  Relative segment, address: CODE_AREA 00003354 - 00003363 (0x10 bytes), align: 2
  Segment part 23.            Intra module refs:   Segment part 44
    -------------------------------------------------------------------------
DATA_C
  Relative segment, address: CODE_AREA 00003364 - 00003373 (0x10 bytes), align: 2
  Segment part 24.            Intra module refs:   Segment part 44
    -------------------------------------------------------------------------
DATA_C
  Relative segment, address: CODE_AREA 00003374 - 00003383 (0x10 bytes), align: 2
  Segment part 25.            Intra module refs:   Segment part 44
    -------------------------------------------------------------------------
DATA_C
  Relative segment, address: CODE_AREA 00003384 - 00003393 (0x10 bytes), align: 2
  Segment part 26.            Intra module refs:   Segment part 44
    -------------------------------------------------------------------------
DATA_C
  Relative segment, address: CODE_AREA 00003394 - 000033A3 (0x10 bytes), align: 2
  Segment part 27.            Intra module refs:   Segment part 44
    -------------------------------------------------------------------------
DATA_C
  Relative segment, address: CODE_AREA 000033A4 - 000033B3 (0x10 bytes), align: 2
  Segment part 28.            Intra module refs:   Segment part 44
    -------------------------------------------------------------------------
DATA_C
  Relative segment, address: CODE_AREA 000033B4 - 000033C3 (0x10 bytes), align: 2
  Segment part 29.            Intra module refs:   Segment part 44
    -------------------------------------------------------------------------
DATA_C
  Relative segment, address: CODE_AREA 000033C4 - 000033D3 (0x10 bytes), align: 2
  Segment part 30.            Intra module refs:   Segment part 44
    -------------------------------------------------------------------------
DATA_C
  Relative segment, address: CODE_AREA 000033D4 - 000033E3 (0x10 bytes), align: 2
  Segment part 31.            Intra module refs:   Segment part 44
    -------------------------------------------------------------------------
DATA_C
  Relative segment, address: CODE_AREA 000033E4 - 000033F3 (0x10 bytes), align: 2
  Segment part 32.            Intra module refs:   Segment part 44
    -------------------------------------------------------------------------
DATA_C
  Relative segment, address: CODE_AREA 000033F4 - 00003403 (0x10 bytes), align: 2
  Segment part 33.            Intra module refs:   Segment part 44
    -------------------------------------------------------------------------
DATA_C
  Relative segment, address: CODE_AREA 00003404 - 00003413 (0x10 bytes), align: 2
  Segment part 34.            Intra module refs:   Segment part 44
    -------------------------------------------------------------------------
DATA_C
  Relative segment, address: CODE_AREA 00003414 - 00003423 (0x10 bytes), align: 2
  Segment part 35.            Intra module refs:   Segment part 44
    -------------------------------------------------------------------------
DATA_C
  Relative segment, address: CODE_AREA 00003424 - 00003433 (0x10 bytes), align: 2
  Segment part 36.            Intra module refs:   Segment part 44
    -------------------------------------------------------------------------
DATA_C
  Relative segment, address: CODE_AREA 00003434 - 00003443 (0x10 bytes), align: 2
  Segment part 37.            Intra module refs:   Segment part 44
    -------------------------------------------------------------------------
DATA_C
  Relative segment, address: CODE_AREA 00003444 - 00003453 (0x10 bytes), align: 2
  Segment part 38.            Intra module refs:   Segment part 44
    -------------------------------------------------------------------------
DATA_C
  Relative segment, address: CODE_AREA 00003454 - 00003463 (0x10 bytes), align: 2
  Segment part 39.            Intra module refs:   Segment part 44
    -------------------------------------------------------------------------
DATA_C
  Relative segment, address: CODE_AREA 00003464 - 00003473 (0x10 bytes), align: 2
  Segment part 40.            Intra module refs:   Segment part 44
    -------------------------------------------------------------------------
DATA_C
  Relative segment, address: CODE_AREA 00003474 - 00003483 (0x10 bytes), align: 2
  Segment part 41.            Intra module refs:   Segment part 44
    -------------------------------------------------------------------------
DATA_C
  Relative segment, address: CODE_AREA 00003484 - 00003493 (0x10 bytes), align: 2
  Segment part 42.            Intra module refs:   Segment part 44

    *************************************************************************

  FILE NAME : C:\Users\Faby\Desktop\StudyElf\AccuWeather Widget\Release\Obj\weather.r79
  PROGRAM MODULE, NAME : weather

  SEGMENTS IN THE MODULE
  ======================
CODE
  Relative segment, address: CODE_AREA 00002330 - 00002387 (0x58 bytes), align: 2
  Segment part 3.
           ENTRY                   ADDRESS         REF BY
           =====                   =======         ======
           Weather::new Weather(int, int, int, int, wchar_t *, wchar_t *, wchar_t *)
                                   00002330        getWeather(wchar_t *, int &, wchar_t *) (fileAnaliser)
               stack 1 = 00000000 ( 00000030 )
    -------------------------------------------------------------------------
CODE
  Relative segment, address: CODE_AREA 00002388 - 000023AB (0x24 bytes), align: 2
  Segment part 5.
           ENTRY                   ADDRESS         REF BY
           =====                   =======         ======
           Weather::new Weather(Weather *)
                                   00002388        MyBook::setWDraw(int) (mybook)
               stack 1 = 00000000 ( 00000008 )
    -------------------------------------------------------------------------
CODE
  Relative segment, address: CODE_AREA 000023AC - 000023C7 (0x1c bytes), align: 2
  Segment part 7.
           ENTRY                   ADDRESS         REF BY
           =====                   =======         ======
           Weather::delete ~Weather(Weather *)
                                   000023AC        MyBook::freeMyVars() (mybook)
                                                   MyBook::freeWDraw() (mybook)
               stack 1 = 00000000 ( 00000008 )
    -------------------------------------------------------------------------
CODE
  Relative segment, address: CODE_AREA 000023C8 - 0000243F (0x78 bytes), align: 2
  Segment part 9.             Intra module refs:   Weather::new Weather(int, int, int, int, wchar_t *, wchar_t *, wchar_t *)
           ENTRY                   ADDRESS         REF BY
           =====                   =======         ======
           Weather::Weather(int, int, int, int, wchar_t *, wchar_t *, wchar_t *)
                                   000023C8 
               stack 1 = 00000000 ( 0000001C )
    -------------------------------------------------------------------------
CODE
  Relative segment, address: CODE_AREA 00002440 - 0000255B (0x11c bytes), align: 2
  Segment part 11.            Intra module refs:   Weather::new Weather(Weather *)
           ENTRY                   ADDRESS         REF BY
           =====                   =======         ======
           Weather::Weather(Weather *)
                                   00002440 
               stack 1 = 00000000 ( 00000010 )
    -------------------------------------------------------------------------
CODE
  Relative segment, address: CODE_AREA 0000255C - 000025A7 (0x4c bytes), align: 2
  Segment part 13.            Intra module refs:   Weather::delete ~Weather(Weather *)
           ENTRY                   ADDRESS         REF BY
           =====                   =======         ======
           Weather::~Weather()     0000255C 
               stack 1 = 00000000 ( 0000000C )
    -------------------------------------------------------------------------
CODE
  Relative segment, address: CODE_AREA 000025A8 - 000025AF (0x8 bytes), align: 2
  Segment part 15.
           ENTRY                   ADDRESS         REF BY
           =====                   =======         ======
           Weather::getState() const
                                   000025A8        drawWeatherContents() (standbyDraw)
    -------------------------------------------------------------------------
CODE
  Relative segment, address: CODE_AREA 000025B0 - 000025B7 (0x8 bytes), align: 2
  Segment part 17.
           ENTRY                   ADDRESS         REF BY
           =====                   =======         ======
           Weather::getTempMin() const
                                   000025B0        drawWeatherContents() (standbyDraw)
    -------------------------------------------------------------------------
CODE
  Relative segment, address: CODE_AREA 000025B8 - 000025BF (0x8 bytes), align: 2
  Segment part 19.
           ENTRY                   ADDRESS         REF BY
           =====                   =======         ======
           Weather::getTempMax() const
                                   000025B8        drawWeatherContents() (standbyDraw)
    -------------------------------------------------------------------------
CODE
  Relative segment, address: CODE_AREA 000025C0 - 000025C7 (0x8 bytes), align: 2
  Segment part 21.
           ENTRY                   ADDRESS         REF BY
           =====                   =======         ======
           Weather::getWindSpeed() const
                                   000025C0        drawWeatherContents() (standbyDraw)
    -------------------------------------------------------------------------
CODE
  Relative segment, address: CODE_AREA 000025C8 - 000025CF (0x8 bytes), align: 2
  Segment part 23.
           ENTRY                   ADDRESS         REF BY
           =====                   =======         ======
           Weather::getAverageTemp() const
                                   000025C8        drawWeatherContents() (standbyDraw)
    -------------------------------------------------------------------------
CODE
  Relative segment, address: CODE_AREA 000025D0 - 000025D7 (0x8 bytes), align: 2
  Segment part 25.
           ENTRY                   ADDRESS         REF BY
           =====                   =======         ======
           Weather::getState_() const
                                   000025D0        drawWeatherContents() (standbyDraw)
    -------------------------------------------------------------------------
CODE
  Relative segment, address: CODE_AREA 000025D8 - 000025DF (0x8 bytes), align: 2
  Segment part 27.
           ENTRY                   ADDRESS         REF BY
           =====                   =======         ======
           Weather::getWindDirection() const
                                   000025D8        drawWeatherContents() (standbyDraw)
    -------------------------------------------------------------------------
CODE
  Relative segment, address: CODE_AREA 000025E0 - 000025E7 (0x8 bytes), align: 2
  Segment part 29.
           ENTRY                   ADDRESS         REF BY
           =====                   =======         ======
           Weather::getLongWind() const
                                   000025E0        drawWeatherContents() (standbyDraw)

    *************************************************************************

  FILE NAME : C:\Users\Faby\EmbebedIAR\Embedded Workbench 4.0 Evaluation\ARM\LIB\dl5tpainl8n.r79
  LIBRARY MODULE, NAME : ?GetDenormal

  SEGMENTS IN THE MODULE
  ======================
CODE
  Relative segment, address: CODE_AREA 000025E8 - 00002647 (0x60 bytes), align: 2
  Segment part 0.
           ENTRY                   ADDRESS         REF BY
           =====                   =======         ======
           ?GetDenormalX           000025E8        Segment part 1 (?D_DivDouble)
                                                   Segment part 1 (?D_MulFloat)
           ?GetDenormalY           00002618        Segment part 1 (?D_DivDouble)
                                                   Segment part 1 (?D_MulFloat)

    -------------------------------------------------------------------------
  LIBRARY MODULE, NAME : ?D_LONG2DOUBLE

  SEGMENTS IN THE MODULE
  ======================
CODE
  Relative segment, address: CODE_AREA 00002648 - 000026A3 (0x5c bytes), align: 2
  Segment part 1.
           ENTRY                   ADDRESS         REF BY
           =====                   =======         ======
           __aeabi_i2d             00002648 
           __longToDouble          00002648        Weather::Weather(int, int, int, int, wchar_t *, wchar_t *, wchar_t *) (weather)
                                                   km2Mile(int) (Utils)
                                                   km2meter(int) (Utils)
           __longToDouble::??rA    00002648 
           __longToDubleStart      00002664 

    -------------------------------------------------------------------------
  LIBRARY MODULE, NAME : ?D_DOUBLE2LONG

  SEGMENTS IN THE MODULE
  ======================
CODE
  Relative segment, address: CODE_AREA 000026A4 - 00002703 (0x60 bytes), align: 2
  Segment part 1.
           ENTRY                   ADDRESS         REF BY
           =====                   =======         ======
           __aeabi_d2iz            000026A4 
           __doubleToLong          000026A4        Weather::Weather(int, int, int, int, wchar_t *, wchar_t *, wchar_t *) (weather)
           __doubleToLong::??rA    000026A4 

    -------------------------------------------------------------------------
  LIBRARY MODULE, NAME : ?D_DOUBLE2FLOAT

  SEGMENTS IN THE MODULE
  ======================
CODE
  Relative segment, address: CODE_AREA 00002704 - 000027BF (0xbc bytes), align: 2
  Segment part 1.
           ENTRY                   ADDRESS         REF BY
           =====                   =======         ======
           __aeabi_d2f             00002704 
           __doubleToFloat         00002704        km2Mile(int) (Utils)
                                                   km2meter(int) (Utils)
           __doubleToFloat::??rA   00002704 

    -------------------------------------------------------------------------
  LIBRARY MODULE, NAME : ?FLOATEDOUBLE

  SEGMENTS IN THE MODULE
  ======================
CODE
  Relative segment, address: CODE_AREA 000027C0 - 00002823 (0x64 bytes), align: 2
  Segment part 1.
           ENTRY                   ADDRESS         REF BY
           =====                   =======         ======
           __aeabi_f2d             000027C0 
           __floatToDouble         000027C0        returnMask(wchar_t const *, int, bool, float (__atpcs __interwork *)(int), int) (standbyDraw)
           __floatToDouble::??rA   000027C0 

    -------------------------------------------------------------------------
  LIBRARY MODULE, NAME : ?D_MulFloat

  SEGMENTS IN THE MODULE
  ======================
CODE
  Relative segment, address: CODE_AREA 00002824 - 00002A5B (0x238 bytes), align: 2
  Segment part 1.
           ENTRY                   ADDRESS         REF BY
           =====                   =======         ======
           __dMul                  00002824        Weather::Weather(int, int, int, int, wchar_t *, wchar_t *, wchar_t *) (weather)
                                                   km2Mile(int) (Utils)
           __dMul::??rA            00002824 
           __aeabi_dmul            00002824 

    -------------------------------------------------------------------------
  LIBRARY MODULE, NAME : ?D_DivDouble

  SEGMENTS IN THE MODULE
  ======================
CODE
  Relative segment, address: CODE_AREA 00002A5C - 00002D8F (0x334 bytes), align: 2
  Segment part 1.
           ENTRY                   ADDRESS         REF BY
           =====                   =======         ======
           __aeabi_ddiv            00002A5C 
           __dDiv                  00002A5C        km2meter(int) (Utils)
           __dDiv::??rA            00002A5C 

    -------------------------------------------------------------------------
  LIBRARY MODULE, NAME : ?F_LONG2FLOAT

  SEGMENTS IN THE MODULE
  ======================
CODE
  Relative segment, address: CODE_AREA 00002D90 - 00002DF7 (0x68 bytes), align: 2
  Segment part 1.
           ENTRY                   ADDRESS         REF BY
           =====                   =======         ======
           __aeabi_i2f             00002D90 
           __longToFloat           00002D90        celsiusToFahrenheit(int) (Utils)
                                                   returnMask(wchar_t const *, int, bool, float (__atpcs __interwork *)(int), int) (standbyDraw)
           __longToFloat::??rA     00002D90 
           __longToFloatStart      00002DA4 




                ****************************************
                *                                      *
                *      SEGMENTS IN ADDRESS ORDER       *
                *                                      *
                ****************************************


SEGMENT              SPACE    START ADDRESS   END ADDRESS     SIZE  TYPE  ALIGN
=======              =====    =============   ===========     ====  ====  =====
ELFBEGIN             CODE_AREA           00000000                     rel    0
DATA_ID              CODE_AREA      00000000 - 0000027F         280   rel    2
START                CODE_AREA           00000280                     dse    0
CODE                 CODE_AREA      00000280 - 00002DF7        2B78   rel    2
DATA_C               CODE_AREA      00002DF8 - 00003495         69E   rel    2
INITTAB              CODE_AREA      00003498 - 000034A3           C   rel    2
DATA_Z               CODE_AREA           000034A4                     dse    0
DATA_N               CODE_AREA           000034A4                     dse    0
CONFIG_C             CODE_AREA      000034A4 - 00005947        24A4   rel    2
DYN_CONST            CODE_AREA           00005948                     dse    0
DYN_CONST_DESC       CODE_AREA      00005948 - 0000594B           4   rel    2
DYN_PAGE             CODE_AREA      0000594C - 0000597B          30   rel    2
DYN_PAGE_DESC        CODE_AREA      0000597C - 0000597F           4   rel    2
DATA_I               DATA_AREA      00000000 - 0000027F         280   rel    2

                ****************************************
                *                                      *
                *        END OF CROSS REFERENCE        *
                *                                      *
                ****************************************

 22 910 bytes of CODE memory
    640 bytes of DATA memory

Errors: none
Warnings: none

