################################################################################
#                                                                              #
#      IAR Universal Linker V4.60I/386                                         #
#                                                                              #
#           Link time     =  08/May/2011  19:48:28                             #
#           Target CPU    =  ARM                                               #
#           List file     =  C:\Users\Faby\Desktop\StudyElf\GlassUIWidget\Debu #
#                            g\List\GlassUIWidget.map                          #
#           Output file 1 =  C:\Users\Faby\Desktop\StudyElf\GlassUIWidget\Debu #
#                            g\Exe\GlassUIWidget.elf                           #
#                            Format: elf, variant: -ynpra                      #
#           Command line  =  C:\Users\Faby\Desktop\StudyElf\GlassUIWidget\Debu #
#                            g\Obj\Utils.r79                                   #
#                            C:\Users\Faby\Desktop\StudyElf\GlassUIWidget\Debu #
#                            g\Obj\_cpp2.r79                                   #
#                            C:\Users\Faby\Desktop\StudyElf\GlassUIWidget\Debu #
#                            g\Obj\conf_loader.r79                             #
#                            C:\Users\Faby\Desktop\StudyElf\GlassUIWidget\Debu #
#                            g\Obj\config_data.r79                             #
#                            C:\Users\Faby\Desktop\StudyElf\GlassUIWidget\Debu #
#                            g\Obj\debug.r79                                   #
#                            C:\Users\Faby\Desktop\StudyElf\GlassUIWidget\Debu #
#                            g\Obj\fileAnaliser.r79                            #
#                            C:\Users\Faby\Desktop\StudyElf\GlassUIWidget\Debu #
#                            g\Obj\func.r79                                    #
#                            C:\Users\Faby\Desktop\StudyElf\GlassUIWidget\Debu #
#                            g\Obj\main.r79                                    #
#                            C:\Users\Faby\Desktop\StudyElf\GlassUIWidget\Debu #
#                            g\Obj\mybook.r79                                  #
#                            C:\Users\Faby\Desktop\StudyElf\GlassUIWidget\Debu #
#                            g\Obj\openfile.r79                                #
#                            C:\Users\Faby\Desktop\StudyElf\GlassUIWidget\Debu #
#                            g\Obj\standbyDraw.r79                             #
#                            C:\Users\Faby\Desktop\StudyElf\GlassUIWidget\Debu #
#                            g\Obj\weather.r79                                 #
#                            -o                                                #
#                            C:\Users\Faby\Desktop\StudyElf\GlassUIWidget\Debu #
#                            g\Exe\GlassUIWidget.elf                           #
#                            -Felf -l                                          #
#                            C:\Users\Faby\Desktop\StudyElf\GlassUIWidget\Debu #
#                            g\List\GlassUIWidget.map                          #
#                            -xms                                              #
#                            "-IC:\Users\Faby\EmbebedIAR\Embedded Workbench 4. #
#                            0 Evaluation\ARM\LIB\"                            #
#                            -f                                                #
#                            C:\Users\Faby\Desktop\StudyElf\GlassUIWidget\..\i #
#                            nclude\1.xcl                                      #
#                            (-carm -ynpra -V(CODE)CODE_AREA,12                #
#                            -V(DATA)DATA_AREA,12                              #
#                            -Z(CODE_AREA)ELFBEGIN,DATA_ID,START,CODE,DATA_C,I #
#                            NITTAB,DATA_Z,DATA_N,CONFIG_C,DYN_CONST,DYN_CONST #
#                            _DESC,DYN_PAGE,DYN_PAGE_DESC=0-FFFFFFFF           #
#                            -Z(DATA_AREA)DATA_I=0-FFFFFFFF)                   #
#                            "C:\Users\Faby\EmbebedIAR\Embedded Workbench 4.0  #
#                            Evaluation\ARM\LIB\dl5tpainl8n.r79"               #
#                            -s main                                           #
#                                                                              #
#                        Copyright 1987-2007 IAR Systems. All rights reserved. #
################################################################################





                ****************************************
                *                                      *
                *           CROSS REFERENCE            *
                *                                      *
                ****************************************

       Program entry at : CODE_AREA 00001094  Relocatable, from module : main




                ****************************************
                *                                      *
                *            RUNTIME MODEL             *
                *                                      *
                ****************************************

  ARMv4M                 = USED
  ARMv4T                 = USED
  ARMv5T                 = USED
  StackAlign4            = USED
  __cpu_mode             = __pcs__interwork
  __data_model           = absolute
  __dlib_file_descriptor = 1
  __endian               = little
  __rt_version           = 6
  __thumb_aware          = enabled



                ****************************************
                *                                      *
                *              MODULE MAP              *
                *                                      *
                ****************************************


  DEFINED ABSOLUTE ENTRIES
    *************************************************************************

  DEFINED ABSOLUTE ENTRIES
    *************************************************************************

  FILE NAME : C:\Users\Faby\Desktop\StudyElf\GlassUIWidget\Debug\Obj\Utils.r79
  PROGRAM MODULE, NAME : Utils

  SEGMENTS IN THE MODULE
  ======================
CODE
  Relative segment, address: CODE_AREA 000003C8 - 00000467 (0xa0 bytes), align: 2
  Segment part 4.
           ENTRY                   ADDRESS         REF BY
           =====                   =======         ======
           getWSubStr(wchar_t *, int, int)
                                   000003C8        drawOnStby(wchar_t *, int, int, int, int, int) (standbyDraw)
                                                   getEqualContent(wchar_t *, int &) (fileAnaliser)
                                                   getWeatherConditions(wchar_t *, wchar_t *) (fileAnaliser)
               stack 1 = 00000000 ( 00000018 )
    -------------------------------------------------------------------------
CODE
  Relative segment, address: CODE_AREA 00000468 - 000004C7 (0x60 bytes), align: 2
  Segment part 6.
           ENTRY                   ADDRESS         REF BY
           =====                   =======         ======
           wGetIndexOfLine(wchar_t *)
                                   00000468        drawOnStby(wchar_t *, int, int, int, int, int) (standbyDraw)
               stack 1 = 00000000 ( 0000000C )
    -------------------------------------------------------------------------
CODE
  Relative segment, address: CODE_AREA 000004C8 - 00000527 (0x60 bytes), align: 2
  Segment part 8.
           ENTRY                   ADDRESS         REF BY
           =====                   =======         ======
           searchLine(wchar_t *)   000004C8        drawOnStby(wchar_t *, int, int, int, int, int) (standbyDraw)
               stack 1 = 00000000 ( 0000000C )
    -------------------------------------------------------------------------
CODE
  Relative segment, address: CODE_AREA 00000528 - 000005A3 (0x7c bytes), align: 2
  Segment part 10.
           ENTRY                   ADDRESS         REF BY
           =====                   =======         ======
           wGetIndexOf(wchar_t *, char, int, int)
                                   00000528        getEqualContent(wchar_t *, int &) (fileAnaliser)
                                                   getTag(wchar_t *, int, int &) (fileAnaliser)
                                                   getWeatherConditions(wchar_t *, wchar_t *) (fileAnaliser)
               stack 1 = 00000000 ( 0000001C )
    -------------------------------------------------------------------------
CODE
  Relative segment, address: CODE_AREA 000005A4 - 0000060F (0x6c bytes), align: 2
  Segment part 12.
           ENTRY                   ADDRESS         REF BY
           =====                   =======         ======
           compareWchar(wchar_t *, wchar_t *)
                                   000005A4        getDayWeather(wchar_t *, int &, wchar_t *) (fileAnaliser)
                                                   getWeatherConditions(wchar_t *, wchar_t *) (fileAnaliser)
               stack 1 = 00000000 ( 00000010 )
    -------------------------------------------------------------------------
CODE
  Relative segment, address: CODE_AREA 00000610 - 00000643 (0x34 bytes), align: 2
  Segment part 14.            Intra module refs:   int2wstr(int)
           ENTRY                   ADDRESS         REF BY
           =====                   =======         ======
           intlen(int)             00000610        returnMask(wchar_t const *, int, bool, float (__atpcs __interwork *)(int), int) (standbyDraw)
               stack 1 = 00000000 ( 00000004 )
    -------------------------------------------------------------------------
CODE
  Relative segment, address: CODE_AREA 00000644 - 00000687 (0x44 bytes), align: 2
  Segment part 16.
           ENTRY                   ADDRESS         REF BY
           =====                   =======         ======
           getDateTime()           00000644        beginFile() (standbyDraw)
                                                   drawWeatherContents() (standbyDraw)
               stack 1 = 00000000 ( 00000010 )
    -------------------------------------------------------------------------
CODE
  Relative segment, address: CODE_AREA 00000688 - 000006EB (0x64 bytes), align: 2
  Segment part 18.
           ENTRY                   ADDRESS         REF BY
           =====                   =======         ======
           int2wstr(int)           00000688        getWeather(wchar_t *, int &, wchar_t *) (fileAnaliser)
               stack 1 = 00000000 ( 0000000C )
    -------------------------------------------------------------------------
CODE
  Relative segment, address: CODE_AREA 000006EC - 00000743 (0x58 bytes), align: 2
  Segment part 20.
           ENTRY                   ADDRESS         REF BY
           =====                   =======         ======
           isDateEqual(DATETIME *, DATETIME *)
                                   000006EC        drawWeatherContents() (standbyDraw)
    -------------------------------------------------------------------------
CODE
  Relative segment, address: CODE_AREA 00000744 - 0000075F (0x1c bytes), align: 2
  Segment part 22.
           ENTRY                   ADDRESS         REF BY
           =====                   =======         ======
           celsiusToFahrenheit(int)
                                   00000744        finalDraw(wchar_t *, wchar_t *, int, int) (standbyDraw)
               stack 1 = 00000000 ( 00000004 )
    -------------------------------------------------------------------------
DATA_C
  Relative segment, address: CODE_AREA 0000312C - 00003133 (0x8 bytes), align: 2
  Segment part 2.             Intra module refs:   int2wstr(int)

    *************************************************************************

  FILE NAME : C:\Users\Faby\Desktop\StudyElf\GlassUIWidget\Debug\Obj\_cpp2.r79
  PROGRAM MODULE, NAME : _cpp2

  SEGMENTS IN THE MODULE
  ======================
CODE
  Relative segment, address: CODE_AREA 00000760 - 00000773 (0x14 bytes), align: 2
  Segment part 3.
           ENTRY                   ADDRESS         REF BY
           =====                   =======         ======
           operator new(size_t)    00000760        MyBook::MyBook() (mybook)
                                                   MyBook::setWDraw(int) (mybook)
                                                   SB_ELF_Killed(void *, BOOK *) (standbyDraw)
                                                   Send_REDRAW_RELEASE() (standbyDraw)
                                                   getWeather(wchar_t *, int &, wchar_t *) (fileAnaliser)
                                                   main (main)
               stack 1 = 00000000 ( 00000008 )
    -------------------------------------------------------------------------
CODE
  Relative segment, address: CODE_AREA 00000774 - 00000787 (0x14 bytes), align: 2
  Segment part 5.
           ENTRY                   ADDRESS         REF BY
           =====                   =======         ======
           operator new[](unsigned int)
                                   00000774        LoadConfigData(wchar_t const *, wchar_t const *) (conf_loader)
                                                   Weather::Weather(Weather *) (weather)
                                                   drawClock(int, int) (standbyDraw)
                                                   finalDraw(wchar_t *, wchar_t *, int, int) (standbyDraw)
                                                   getDate() (fileAnaliser)
                                                   getTag(wchar_t *, int, int &) (fileAnaliser)
                                                   getWSubStr(wchar_t *, int, int) (Utils)
                                                   getWeather(wchar_t *, int &, wchar_t *) (fileAnaliser)
                                                   int2wstr(int) (Utils)
                                                   makeDateMask() (standbyDraw)
                                                   openFile(wchar_t const *, wchar_t *) (openfile)
                                                   returnMask(wchar_t const *, int, bool, float (__atpcs __interwork *)(int), int) (standbyDraw)
               stack 1 = 00000000 ( 00000008 )
    -------------------------------------------------------------------------
CODE
  Relative segment, address: CODE_AREA 00000788 - 0000079B (0x14 bytes), align: 2
  Segment part 7.
           ENTRY                   ADDRESS         REF BY
           =====                   =======         ======
           operator delete(void *)
                                   00000788        LoadConfigData(wchar_t const *, wchar_t const *) (conf_loader)
                                                   MyBook::freeMyVars() (mybook)
                                                   MyBook::freeWDraw() (mybook)
                                                   Weather::~Weather() (weather)
                                                   beginFile() (standbyDraw)
                                                   drawClock(int, int) (standbyDraw)
                                                   drawOnStby(wchar_t *, int, int, int, int, int) (standbyDraw)
                                                   finalDraw(wchar_t *, wchar_t *, int, int) (standbyDraw)
                                                   getDayState(wchar_t *, int &) (fileAnaliser)
                                                   getDayWeather(wchar_t *, int &, wchar_t *) (fileAnaliser)
                                                   getWeather(wchar_t *, int &, wchar_t *) (fileAnaliser)
                                                   getWeatherConditions(wchar_t *, wchar_t *) (fileAnaliser)
                                                   makeDateMask() (standbyDraw)
                                                   onCloseBEBook(BOOK *) (standbyDraw)
                                                   openFile(wchar_t const *, wchar_t *) (openfile)
               stack 1 = 00000000 ( 00000008 )

    *************************************************************************

  FILE NAME : C:\Users\Faby\Desktop\StudyElf\GlassUIWidget\Debug\Obj\conf_loader.r79
  PROGRAM MODULE, NAME : conf_loader

  SEGMENTS IN THE MODULE
  ======================
DATA_I
  Relative segment, address: DATA_AREA 00000000 - 00000003 (0x4 bytes), align: 2
  Segment part 4.             Intra module refs:   LoadConfigData(wchar_t const *, wchar_t const *)
           ENTRY                   ADDRESS         REF BY
           =====                   =======         ======
           successed_config_path   00000000        ReconfigElf(void *, BOOK *) (standbyDraw)
                                                   onBcfgConfig(void *, BOOK *) (main)
    -------------------------------------------------------------------------
DATA_I
  Relative segment, address: DATA_AREA 00000004 - 00000007 (0x4 bytes), align: 2
  Segment part 6.             Intra module refs:   LoadConfigData(wchar_t const *, wchar_t const *)
           ENTRY                   ADDRESS         REF BY
           =====                   =======         ======
           successed_config_name   00000004        ReconfigElf(void *, BOOK *) (standbyDraw)
                                                   onBcfgConfig(void *, BOOK *) (main)
    -------------------------------------------------------------------------
CODE
  Relative segment, address: CODE_AREA 0000079C - 000008F7 (0x15c bytes), align: 2
  Segment part 9.             Intra module refs:   InitConfig()
           ENTRY                   ADDRESS         REF BY
           =====                   =======         ======
           LoadConfigData(wchar_t const *, wchar_t const *)
                                   0000079C 
               stack 1 = 00000000 ( 00000044 )
    -------------------------------------------------------------------------
CODE
  Relative segment, address: CODE_AREA 000008F8 - 0000092B (0x34 bytes), align: 2
  Segment part 11.
           ENTRY                   ADDRESS         REF BY
           =====                   =======         ======
           InitConfig()            000008F8        ReconfigElf(void *, BOOK *) (standbyDraw)
                                                   main (main)
               stack 1 = 00000000 ( 00000004 )
    -------------------------------------------------------------------------
DATA_ID
  Relative segment, address: CODE_AREA 00000000 - 00000003 (0x4 bytes), align: 2
  Segment part 5.             Intra module refs:   successed_config_path
    -------------------------------------------------------------------------
DATA_ID
  Relative segment, address: CODE_AREA 00000004 - 00000007 (0x4 bytes), align: 2
  Segment part 7.             Intra module refs:   successed_config_name
    -------------------------------------------------------------------------
INITTAB
  Relative segment, address: CODE_AREA 000039FC - 00003A07 (0xc bytes), align: 2
  Segment part 15. ROOT.
           ENTRY                   ADDRESS         REF BY
           =====                   =======         ======
           ?init?tab?DATA_I        000039FC 
    -------------------------------------------------------------------------
DATA_C
  Relative segment, address: CODE_AREA 000039F8 - 000039F9 (0x2 bytes), align: 1
  Segment part 2.             Intra module refs:   Segment part 5
                                                   Segment part 7
    -------------------------------------------------------------------------
DATA_C
  Relative segment, address: CODE_AREA 00003134 - 0000315B (0x28 bytes), align: 2
  Segment part 3.             Intra module refs:   InitConfig()

    *************************************************************************

  FILE NAME : C:\Users\Faby\Desktop\StudyElf\GlassUIWidget\Debug\Obj\config_data.r79
  PROGRAM MODULE, NAME : config_data

  SEGMENTS IN THE MODULE
  ======================
CONFIG_C
  Relative segment, address: CODE_AREA 00003A20 - 00003A4B (0x2c bytes), align: 2
  Segment part 2. ROOT.
           LOCAL                   ADDRESS         
           =====                   =======         
           cfghdr1                 00003A20 
    -------------------------------------------------------------------------
CONFIG_C
  Relative segment, address: CODE_AREA 00003A4C - 00003A77 (0x2c bytes), align: 2
  Segment part 3. ROOT.
           LOCAL                   ADDRESS         
           =====                   =======         
           cfghdr2                 00003A4C 
    -------------------------------------------------------------------------
CONFIG_C
  Relative segment, address: CODE_AREA 00003A78 - 00003AA3 (0x2c bytes), align: 2
  Segment part 4. ROOT.
           LOCAL                   ADDRESS         
           =====                   =======         
           cfghdr3                 00003A78 
    -------------------------------------------------------------------------
CONFIG_C
  Relative segment, address: CODE_AREA 00003AA4 - 00003AA7 (0x4 bytes), align: 2
  Segment part 5. ROOT.
           ENTRY                   ADDRESS         REF BY
           =====                   =======         ======
           BCFG_Images_Background_Enable
                                   00003AA4        finalDraw(wchar_t *, wchar_t *, int, int) (standbyDraw)
    -------------------------------------------------------------------------
CONFIG_C
  Relative segment, address: CODE_AREA 00003AA8 - 00003AD3 (0x2c bytes), align: 2
  Segment part 6. ROOT.
           LOCAL                   ADDRESS         
           =====                   =======         
           cfghdr4                 00003AA8 
    -------------------------------------------------------------------------
CONFIG_C
  Relative segment, address: CODE_AREA 00003AD4 - 00003AD7 (0x4 bytes), align: 2
  Segment part 7. ROOT.
           ENTRY                   ADDRESS         REF BY
           =====                   =======         ======
           BCFG_Images_Background_Position_X
                                   00003AD4        finalDraw(wchar_t *, wchar_t *, int, int) (standbyDraw)
    -------------------------------------------------------------------------
CONFIG_C
  Relative segment, address: CODE_AREA 00003AD8 - 00003ADB (0x4 bytes), align: 2
  Segment part 8. ROOT.
           ENTRY                   ADDRESS         REF BY
           =====                   =======         ======
           BCFG_Images_Background_Position_Y
                                   00003AD8        finalDraw(wchar_t *, wchar_t *, int, int) (standbyDraw)
    -------------------------------------------------------------------------
CONFIG_C
  Relative segment, address: CODE_AREA 00003ADC - 00003B07 (0x2c bytes), align: 2
  Segment part 9. ROOT.
           LOCAL                   ADDRESS         
           =====                   =======         
           cfghdr6                 00003ADC 
    -------------------------------------------------------------------------
CONFIG_C
  Relative segment, address: CODE_AREA 00003B08 - 00003B33 (0x2c bytes), align: 2
  Segment part 10. ROOT.
           LOCAL                   ADDRESS         
           =====                   =======         
           cfghdr5                 00003B08 
    -------------------------------------------------------------------------
CONFIG_C
  Relative segment, address: CODE_AREA 00003B34 - 00003B5F (0x2c bytes), align: 2
  Segment part 11. ROOT.
           LOCAL                   ADDRESS         
           =====                   =======         
           cfghdr7                 00003B34 
    -------------------------------------------------------------------------
CONFIG_C
  Relative segment, address: CODE_AREA 00003B60 - 00003B63 (0x4 bytes), align: 2
  Segment part 12. ROOT.
           ENTRY                   ADDRESS         REF BY
           =====                   =======         ======
           BCFG_Images_DayState_Enable
                                   00003B60        finalDraw(wchar_t *, wchar_t *, int, int) (standbyDraw)
    -------------------------------------------------------------------------
CONFIG_C
  Relative segment, address: CODE_AREA 00003B64 - 00003B8F (0x2c bytes), align: 2
  Segment part 13. ROOT.
           LOCAL                   ADDRESS         
           =====                   =======         
           cfghdr8                 00003B64 
    -------------------------------------------------------------------------
CONFIG_C
  Relative segment, address: CODE_AREA 00003B90 - 00003B93 (0x4 bytes), align: 2
  Segment part 14. ROOT.
           ENTRY                   ADDRESS         REF BY
           =====                   =======         ======
           BCFG_Images_DayState_Position_X
                                   00003B90        finalDraw(wchar_t *, wchar_t *, int, int) (standbyDraw)
    -------------------------------------------------------------------------
CONFIG_C
  Relative segment, address: CODE_AREA 00003B94 - 00003B97 (0x4 bytes), align: 2
  Segment part 15. ROOT.
           ENTRY                   ADDRESS         REF BY
           =====                   =======         ======
           BCFG_Images_DayState_Position_Y
                                   00003B94        finalDraw(wchar_t *, wchar_t *, int, int) (standbyDraw)
    -------------------------------------------------------------------------
CONFIG_C
  Relative segment, address: CODE_AREA 00003B98 - 00003BC3 (0x2c bytes), align: 2
  Segment part 16. ROOT.
           LOCAL                   ADDRESS         
           =====                   =======         
           cfghdr10                00003B98 
    -------------------------------------------------------------------------
CONFIG_C
  Relative segment, address: CODE_AREA 00003BC4 - 00003BEF (0x2c bytes), align: 2
  Segment part 17. ROOT.
           LOCAL                   ADDRESS         
           =====                   =======         
           cfghdr9                 00003BC4 
    -------------------------------------------------------------------------
CONFIG_C
  Relative segment, address: CODE_AREA 00003BF0 - 00003C1B (0x2c bytes), align: 2
  Segment part 18. ROOT.
           LOCAL                   ADDRESS         
           =====                   =======         
           cfghdr11                00003BF0 
    -------------------------------------------------------------------------
CONFIG_C
  Relative segment, address: CODE_AREA 00003C1C - 00003C1F (0x4 bytes), align: 2
  Segment part 19. ROOT.
           ENTRY                   ADDRESS         REF BY
           =====                   =======         ======
           BCFG_Images_Clock_Enable
                                   00003C1C        drawClock(int, int) (standbyDraw)
    -------------------------------------------------------------------------
CONFIG_C
  Relative segment, address: CODE_AREA 00003C20 - 00003C4B (0x2c bytes), align: 2
  Segment part 20. ROOT.
           LOCAL                   ADDRESS         
           =====                   =======         
           cfghdr12                00003C20 
    -------------------------------------------------------------------------
CONFIG_C
  Relative segment, address: CODE_AREA 00003C4C - 00003C4F (0x4 bytes), align: 2
  Segment part 21. ROOT.
           ENTRY                   ADDRESS         REF BY
           =====                   =======         ======
           BCFG_Images_Clock_Position_X
                                   00003C4C        drawClock(int, int) (standbyDraw)
    -------------------------------------------------------------------------
CONFIG_C
  Relative segment, address: CODE_AREA 00003C50 - 00003C53 (0x4 bytes), align: 2
  Segment part 22. ROOT.
           ENTRY                   ADDRESS         REF BY
           =====                   =======         ======
           BCFG_Images_Clock_Position_Y
                                   00003C50        drawClock(int, int) (standbyDraw)
    -------------------------------------------------------------------------
CONFIG_C
  Relative segment, address: CODE_AREA 00003C54 - 00003C7F (0x2c bytes), align: 2
  Segment part 23. ROOT.
           LOCAL                   ADDRESS         
           =====                   =======         
           cfghdr14                00003C54 
    -------------------------------------------------------------------------
CONFIG_C
  Relative segment, address: CODE_AREA 00003C80 - 00003CAB (0x2c bytes), align: 2
  Segment part 24. ROOT.
           LOCAL                   ADDRESS         
           =====                   =======         
           cfghdr13                00003C80 
    -------------------------------------------------------------------------
CONFIG_C
  Relative segment, address: CODE_AREA 00003CAC - 00003CD7 (0x2c bytes), align: 2
  Segment part 25. ROOT.
           LOCAL                   ADDRESS         
           =====                   =======         
           cfghdr15                00003CAC 
    -------------------------------------------------------------------------
CONFIG_C
  Relative segment, address: CODE_AREA 00003CD8 - 00003CDB (0x4 bytes), align: 2
  Segment part 26. ROOT.
           ENTRY                   ADDRESS         REF BY
           =====                   =======         ======
           BCFG_Images_AccuWeatherLogo_Enable
                                   00003CD8        finalDraw(wchar_t *, wchar_t *, int, int) (standbyDraw)
    -------------------------------------------------------------------------
CONFIG_C
  Relative segment, address: CODE_AREA 00003CDC - 00003D07 (0x2c bytes), align: 2
  Segment part 27. ROOT.
           LOCAL                   ADDRESS         
           =====                   =======         
           cfghdr16                00003CDC 
    -------------------------------------------------------------------------
CONFIG_C
  Relative segment, address: CODE_AREA 00003D08 - 00003D0B (0x4 bytes), align: 2
  Segment part 28. ROOT.
           ENTRY                   ADDRESS         REF BY
           =====                   =======         ======
           BCFG_Images_AccuWeatherLogo_Position_X
                                   00003D08        finalDraw(wchar_t *, wchar_t *, int, int) (standbyDraw)
    -------------------------------------------------------------------------
CONFIG_C
  Relative segment, address: CODE_AREA 00003D0C - 00003D0F (0x4 bytes), align: 2
  Segment part 29. ROOT.
           ENTRY                   ADDRESS         REF BY
           =====                   =======         ======
           BCFG_Images_AccuWeatherLogo_Position_Y
                                   00003D0C        finalDraw(wchar_t *, wchar_t *, int, int) (standbyDraw)
    -------------------------------------------------------------------------
CONFIG_C
  Relative segment, address: CODE_AREA 00003D10 - 00003D3B (0x2c bytes), align: 2
  Segment part 30. ROOT.
           LOCAL                   ADDRESS         
           =====                   =======         
           cfghdr18                00003D10 
    -------------------------------------------------------------------------
CONFIG_C
  Relative segment, address: CODE_AREA 00003D3C - 00003D67 (0x2c bytes), align: 2
  Segment part 31. ROOT.
           LOCAL                   ADDRESS         
           =====                   =======         
           cfghdr19                00003D3C 
    -------------------------------------------------------------------------
CONFIG_C
  Relative segment, address: CODE_AREA 00003D68 - 00003D93 (0x2c bytes), align: 2
  Segment part 32. ROOT.
           LOCAL                   ADDRESS         
           =====                   =======         
           cfghdr17                00003D68 
    -------------------------------------------------------------------------
CONFIG_C
  Relative segment, address: CODE_AREA 00003D94 - 00003DBF (0x2c bytes), align: 2
  Segment part 33. ROOT.
           LOCAL                   ADDRESS         
           =====                   =======         
           cfghdr20                00003D94 
    -------------------------------------------------------------------------
CONFIG_C
  Relative segment, address: CODE_AREA 00003DC0 - 00003DEB (0x2c bytes), align: 2
  Segment part 34. ROOT.
           LOCAL                   ADDRESS         
           =====                   =======         
           cfghdr21                00003DC0 
    -------------------------------------------------------------------------
CONFIG_C
  Relative segment, address: CODE_AREA 00003DEC - 00003DEF (0x4 bytes), align: 2
  Segment part 35. ROOT.
           ENTRY                   ADDRESS         REF BY
           =====                   =======         ======
           BCFG_Tags_AverageTemperature_Enable
                                   00003DEC        finalDraw(wchar_t *, wchar_t *, int, int) (standbyDraw)
    -------------------------------------------------------------------------
CONFIG_C
  Relative segment, address: CODE_AREA 00003DF0 - 00003E1B (0x2c bytes), align: 2
  Segment part 36. ROOT.
           LOCAL                   ADDRESS         
           =====                   =======         
           cfghdr22                00003DF0 
    -------------------------------------------------------------------------
CONFIG_C
  Relative segment, address: CODE_AREA 00003E1C - 00003EBF (0xa4 bytes), align: 2
  Segment part 37. ROOT.
           ENTRY                   ADDRESS         REF BY
           =====                   =======         ======
           BCFG_Tags_AverageTemperature_Mask
                                   00003E1C        finalDraw(wchar_t *, wchar_t *, int, int) (standbyDraw)
    -------------------------------------------------------------------------
CONFIG_C
  Relative segment, address: CODE_AREA 00003EC0 - 00003EEB (0x2c bytes), align: 2
  Segment part 38. ROOT.
           LOCAL                   ADDRESS         
           =====                   =======         
           cfghdr23                00003EC0 
    -------------------------------------------------------------------------
CONFIG_C
  Relative segment, address: CODE_AREA 00003EEC - 00003EEF (0x4 bytes), align: 2
  Segment part 39. ROOT.
           ENTRY                   ADDRESS         REF BY
           =====                   =======         ======
           BCFG_Tags_AverageTemperature_Unit
                                   00003EEC        finalDraw(wchar_t *, wchar_t *, int, int) (standbyDraw)
    -------------------------------------------------------------------------
CONFIG_C
  Relative segment, address: CODE_AREA 00003EF0 - 00003F2F (0x40 bytes), align: 2
  Segment part 40. ROOT.
           LOCAL                   ADDRESS         
           =====                   =======         
           cfgRadioBtn23           00003EF0 
    -------------------------------------------------------------------------
CONFIG_C
  Relative segment, address: CODE_AREA 00003F30 - 00003F5B (0x2c bytes), align: 2
  Segment part 41. ROOT.
           LOCAL                   ADDRESS         
           =====                   =======         
           cfghdr25                00003F30 
    -------------------------------------------------------------------------
CONFIG_C
  Relative segment, address: CODE_AREA 00003F5C - 00003F87 (0x2c bytes), align: 2
  Segment part 42. ROOT.
           LOCAL                   ADDRESS         
           =====                   =======         
           cfghdr24                00003F5C 
    -------------------------------------------------------------------------
CONFIG_C
  Relative segment, address: CODE_AREA 00003F88 - 00003FB3 (0x2c bytes), align: 2
  Segment part 43. ROOT.
           LOCAL                   ADDRESS         
           =====                   =======         
           cfghdr26                00003F88 
    -------------------------------------------------------------------------
CONFIG_C
  Relative segment, address: CODE_AREA 00003FB4 - 00003FB7 (0x4 bytes), align: 2
  Segment part 44. ROOT.
           ENTRY                   ADDRESS         REF BY
           =====                   =======         ======
           BCFG_Tags_DayState_Enable
                                   00003FB4        finalDraw(wchar_t *, wchar_t *, int, int) (standbyDraw)
    -------------------------------------------------------------------------
CONFIG_C
  Relative segment, address: CODE_AREA 00003FB8 - 00003FE3 (0x2c bytes), align: 2
  Segment part 45. ROOT.
           LOCAL                   ADDRESS         
           =====                   =======         
           cfghdr27                00003FB8 
    -------------------------------------------------------------------------
CONFIG_C
  Relative segment, address: CODE_AREA 00003FE4 - 00003FE7 (0x4 bytes), align: 2
  Segment part 46. ROOT.
           ENTRY                   ADDRESS         REF BY
           =====                   =======         ======
           BCFG_Tags_DayState_Position_X
                                   00003FE4        finalDraw(wchar_t *, wchar_t *, int, int) (standbyDraw)
    -------------------------------------------------------------------------
CONFIG_C
  Relative segment, address: CODE_AREA 00003FE8 - 00003FEB (0x4 bytes), align: 2
  Segment part 47. ROOT.
           ENTRY                   ADDRESS         REF BY
           =====                   =======         ======
           BCFG_Tags_DayState_Position_Y
                                   00003FE8        finalDraw(wchar_t *, wchar_t *, int, int) (standbyDraw)
    -------------------------------------------------------------------------
CONFIG_C
  Relative segment, address: CODE_AREA 00003FEC - 00004017 (0x2c bytes), align: 2
  Segment part 48. ROOT.
           LOCAL                   ADDRESS         
           =====                   =======         
           cfghdr28                00003FEC 
    -------------------------------------------------------------------------
CONFIG_C
  Relative segment, address: CODE_AREA 00004018 - 0000401B (0x4 bytes), align: 2
  Segment part 49. ROOT.
           ENTRY                   ADDRESS         REF BY
           =====                   =======         ======
           BCFG_Tags_DayState_FontSize
                                   00004018        finalDraw(wchar_t *, wchar_t *, int, int) (standbyDraw)
    -------------------------------------------------------------------------
CONFIG_C
  Relative segment, address: CODE_AREA 0000401C - 00004047 (0x2c bytes), align: 2
  Segment part 50. ROOT.
           LOCAL                   ADDRESS         
           =====                   =======         
           cfghdr29                0000401C 
    -------------------------------------------------------------------------
CONFIG_C
  Relative segment, address: CODE_AREA 00004048 - 0000404B (0x4 bytes), align: 2
  Segment part 51. ROOT.
           ENTRY                   ADDRESS         REF BY
           =====                   =======         ======
           BCFG_Tags_DayState_TextColor
                                   00004048        finalDraw(wchar_t *, wchar_t *, int, int) (standbyDraw)
    -------------------------------------------------------------------------
CONFIG_C
  Relative segment, address: CODE_AREA 0000404C - 00004077 (0x2c bytes), align: 2
  Segment part 52. ROOT.
           LOCAL                   ADDRESS         
           =====                   =======         
           cfghdr30                0000404C 
    -------------------------------------------------------------------------
CONFIG_C
  Relative segment, address: CODE_AREA 00004078 - 0000407B (0x4 bytes), align: 2
  Segment part 53. ROOT.
           ENTRY                   ADDRESS         REF BY
           =====                   =======         ======
           BCFG_Tags_DayState_Align
                                   00004078        finalDraw(wchar_t *, wchar_t *, int, int) (standbyDraw)
    -------------------------------------------------------------------------
CONFIG_C
  Relative segment, address: CODE_AREA 0000407C - 000040DB (0x60 bytes), align: 2
  Segment part 54. ROOT.
           LOCAL                   ADDRESS         
           =====                   =======         
           cfgRadioBtn30           0000407C 
    -------------------------------------------------------------------------
CONFIG_C
  Relative segment, address: CODE_AREA 000040DC - 00004107 (0x2c bytes), align: 2
  Segment part 55. ROOT.
           LOCAL                   ADDRESS         
           =====                   =======         
           cfghdr31                000040DC 
    -------------------------------------------------------------------------
CONFIG_C
  Relative segment, address: CODE_AREA 00004108 - 0000410B (0x4 bytes), align: 2
  Segment part 56. ROOT.
           ENTRY                   ADDRESS         REF BY
           =====                   =======         ======
           BCFG_Tags_DayState_LineSpacing
                                   00004108        drawOnStby(wchar_t *, int, int, int, int, int) (standbyDraw)
    -------------------------------------------------------------------------
CONFIG_C
  Relative segment, address: CODE_AREA 0000410C - 00004137 (0x2c bytes), align: 2
  Segment part 57. ROOT.
           LOCAL                   ADDRESS         
           =====                   =======         
           cfghdr33                0000410C 
    -------------------------------------------------------------------------
CONFIG_C
  Relative segment, address: CODE_AREA 00004138 - 00004163 (0x2c bytes), align: 2
  Segment part 58. ROOT.
           LOCAL                   ADDRESS         
           =====                   =======         
           cfghdr32                00004138 
    -------------------------------------------------------------------------
CONFIG_C
  Relative segment, address: CODE_AREA 00004164 - 0000418F (0x2c bytes), align: 2
  Segment part 59. ROOT.
           LOCAL                   ADDRESS         
           =====                   =======         
           cfghdr34                00004164 
    -------------------------------------------------------------------------
CONFIG_C
  Relative segment, address: CODE_AREA 00004190 - 00004193 (0x4 bytes), align: 2
  Segment part 60. ROOT.
           ENTRY                   ADDRESS         REF BY
           =====                   =======         ======
           BCFG_Tags_Location_Enable
                                   00004190        finalDraw(wchar_t *, wchar_t *, int, int) (standbyDraw)
    -------------------------------------------------------------------------
CONFIG_C
  Relative segment, address: CODE_AREA 00004194 - 000041BF (0x2c bytes), align: 2
  Segment part 61. ROOT.
           LOCAL                   ADDRESS         
           =====                   =======         
           cfghdr35                00004194 
    -------------------------------------------------------------------------
CONFIG_C
  Relative segment, address: CODE_AREA 000041C0 - 000041C3 (0x4 bytes), align: 2
  Segment part 62. ROOT.
           ENTRY                   ADDRESS         REF BY
           =====                   =======         ======
           BCFG_Tags_Location_Position_X
                                   000041C0        finalDraw(wchar_t *, wchar_t *, int, int) (standbyDraw)
    -------------------------------------------------------------------------
CONFIG_C
  Relative segment, address: CODE_AREA 000041C4 - 000041C7 (0x4 bytes), align: 2
  Segment part 63. ROOT.
           ENTRY                   ADDRESS         REF BY
           =====                   =======         ======
           BCFG_Tags_Location_Position_Y
                                   000041C4        finalDraw(wchar_t *, wchar_t *, int, int) (standbyDraw)
    -------------------------------------------------------------------------
CONFIG_C
  Relative segment, address: CODE_AREA 000041C8 - 000041F3 (0x2c bytes), align: 2
  Segment part 64. ROOT.
           LOCAL                   ADDRESS         
           =====                   =======         
           cfghdr36                000041C8 
    -------------------------------------------------------------------------
CONFIG_C
  Relative segment, address: CODE_AREA 000041F4 - 000041F7 (0x4 bytes), align: 2
  Segment part 65. ROOT.
           ENTRY                   ADDRESS         REF BY
           =====                   =======         ======
           BCFG_Tags_Location_FontSize
                                   000041F4        finalDraw(wchar_t *, wchar_t *, int, int) (standbyDraw)
    -------------------------------------------------------------------------
CONFIG_C
  Relative segment, address: CODE_AREA 000041F8 - 00004223 (0x2c bytes), align: 2
  Segment part 66. ROOT.
           LOCAL                   ADDRESS         
           =====                   =======         
           cfghdr37                000041F8 
    -------------------------------------------------------------------------
CONFIG_C
  Relative segment, address: CODE_AREA 00004224 - 00004227 (0x4 bytes), align: 2
  Segment part 67. ROOT.
           ENTRY                   ADDRESS         REF BY
           =====                   =======         ======
           BCFG_Tags_Location_TextColor
                                   00004224        finalDraw(wchar_t *, wchar_t *, int, int) (standbyDraw)
    -------------------------------------------------------------------------
CONFIG_C
  Relative segment, address: CODE_AREA 00004228 - 00004253 (0x2c bytes), align: 2
  Segment part 68. ROOT.
           LOCAL                   ADDRESS         
           =====                   =======         
           cfghdr38                00004228 
    -------------------------------------------------------------------------
CONFIG_C
  Relative segment, address: CODE_AREA 00004254 - 00004257 (0x4 bytes), align: 2
  Segment part 69. ROOT.
           ENTRY                   ADDRESS         REF BY
           =====                   =======         ======
           BCFG_Tags_Location_Align
                                   00004254        finalDraw(wchar_t *, wchar_t *, int, int) (standbyDraw)
    -------------------------------------------------------------------------
CONFIG_C
  Relative segment, address: CODE_AREA 00004258 - 000042B7 (0x60 bytes), align: 2
  Segment part 70. ROOT.
           LOCAL                   ADDRESS         
           =====                   =======         
           cfgRadioBtn38           00004258 
    -------------------------------------------------------------------------
CONFIG_C
  Relative segment, address: CODE_AREA 000042B8 - 000042E3 (0x2c bytes), align: 2
  Segment part 71. ROOT.
           LOCAL                   ADDRESS         
           =====                   =======         
           cfghdr40                000042B8 
    -------------------------------------------------------------------------
CONFIG_C
  Relative segment, address: CODE_AREA 000042E4 - 0000430F (0x2c bytes), align: 2
  Segment part 72. ROOT.
           LOCAL                   ADDRESS         
           =====                   =======         
           cfghdr39                000042E4 
    -------------------------------------------------------------------------
CONFIG_C
  Relative segment, address: CODE_AREA 00004310 - 0000433B (0x2c bytes), align: 2
  Segment part 73. ROOT.
           LOCAL                   ADDRESS         
           =====                   =======         
           cfghdr41                00004310 
    -------------------------------------------------------------------------
CONFIG_C
  Relative segment, address: CODE_AREA 0000433C - 0000433F (0x4 bytes), align: 2
  Segment part 74. ROOT.
           ENTRY                   ADDRESS         REF BY
           =====                   =======         ======
           BCFG_Tags_Time_Day      0000433C        drawWeatherContents() (standbyDraw)
    -------------------------------------------------------------------------
CONFIG_C
  Relative segment, address: CODE_AREA 00004340 - 0000436B (0x2c bytes), align: 2
  Segment part 75. ROOT.
           LOCAL                   ADDRESS         
           =====                   =======         
           cfghdr42                00004340 
    -------------------------------------------------------------------------
CONFIG_C
  Relative segment, address: CODE_AREA 0000436C - 0000436F (0x4 bytes), align: 2
  Segment part 76. ROOT.
           ENTRY                   ADDRESS         REF BY
           =====                   =======         ======
           BCFG_Tags_Time_Night    0000436C        drawWeatherContents() (standbyDraw)
    -------------------------------------------------------------------------
CONFIG_C
  Relative segment, address: CODE_AREA 00004370 - 0000439B (0x2c bytes), align: 2
  Segment part 77. ROOT.
           LOCAL                   ADDRESS         
           =====                   =======         
           cfghdr44                00004370 
    -------------------------------------------------------------------------
CONFIG_C
  Relative segment, address: CODE_AREA 0000439C - 000043C7 (0x2c bytes), align: 2
  Segment part 78. ROOT.
           LOCAL                   ADDRESS         
           =====                   =======         
           cfghdr45                0000439C 
    -------------------------------------------------------------------------
CONFIG_C
  Relative segment, address: CODE_AREA 000043C8 - 000043F3 (0x2c bytes), align: 2
  Segment part 79. ROOT.
           LOCAL                   ADDRESS         
           =====                   =======         
           cfghdr43                000043C8 
    -------------------------------------------------------------------------
CONFIG_C
  Relative segment, address: CODE_AREA 000043F4 - 0000441F (0x2c bytes), align: 2
  Segment part 80. ROOT.
           LOCAL                   ADDRESS         
           =====                   =======         
           cfghdr46                000043F4 
    -------------------------------------------------------------------------
CONFIG_C
  Relative segment, address: CODE_AREA 00004420 - 00004423 (0x4 bytes), align: 2
  Segment part 81. ROOT.
           ENTRY                   ADDRESS         REF BY
           =====                   =======         ======
           BCFG_Date_Enable        00004420        finalDraw(wchar_t *, wchar_t *, int, int) (standbyDraw)
    -------------------------------------------------------------------------
CONFIG_C
  Relative segment, address: CODE_AREA 00004424 - 0000444F (0x2c bytes), align: 2
  Segment part 82. ROOT.
           LOCAL                   ADDRESS         
           =====                   =======         
           cfghdr47                00004424 
    -------------------------------------------------------------------------
CONFIG_C
  Relative segment, address: CODE_AREA 00004450 - 00004453 (0x4 bytes), align: 2
  Segment part 83. ROOT.
           ENTRY                   ADDRESS         REF BY
           =====                   =======         ======
           BCFG_Date_Position_X    00004450        finalDraw(wchar_t *, wchar_t *, int, int) (standbyDraw)
    -------------------------------------------------------------------------
CONFIG_C
  Relative segment, address: CODE_AREA 00004454 - 00004457 (0x4 bytes), align: 2
  Segment part 84. ROOT.
           ENTRY                   ADDRESS         REF BY
           =====                   =======         ======
           BCFG_Date_Position_Y    00004454        finalDraw(wchar_t *, wchar_t *, int, int) (standbyDraw)
    -------------------------------------------------------------------------
CONFIG_C
  Relative segment, address: CODE_AREA 00004458 - 00004483 (0x2c bytes), align: 2
  Segment part 85. ROOT.
           LOCAL                   ADDRESS         
           =====                   =======         
           cfghdr48                00004458 
    -------------------------------------------------------------------------
CONFIG_C
  Relative segment, address: CODE_AREA 00004484 - 00004487 (0x4 bytes), align: 2
  Segment part 86. ROOT.
           ENTRY                   ADDRESS         REF BY
           =====                   =======         ======
           BCFG_Date_FontSize      00004484        finalDraw(wchar_t *, wchar_t *, int, int) (standbyDraw)
    -------------------------------------------------------------------------
CONFIG_C
  Relative segment, address: CODE_AREA 00004488 - 000044B3 (0x2c bytes), align: 2
  Segment part 87. ROOT.
           LOCAL                   ADDRESS         
           =====                   =======         
           cfghdr49                00004488 
    -------------------------------------------------------------------------
CONFIG_C
  Relative segment, address: CODE_AREA 000044B4 - 000044B7 (0x4 bytes), align: 2
  Segment part 88. ROOT.
           ENTRY                   ADDRESS         REF BY
           =====                   =======         ======
           BCFG_Date_TextColor     000044B4        finalDraw(wchar_t *, wchar_t *, int, int) (standbyDraw)
    -------------------------------------------------------------------------
CONFIG_C
  Relative segment, address: CODE_AREA 000044B8 - 000044E3 (0x2c bytes), align: 2
  Segment part 89. ROOT.
           LOCAL                   ADDRESS         
           =====                   =======         
           cfghdr50                000044B8 
    -------------------------------------------------------------------------
CONFIG_C
  Relative segment, address: CODE_AREA 000044E4 - 000044E7 (0x4 bytes), align: 2
  Segment part 90. ROOT.
           ENTRY                   ADDRESS         REF BY
           =====                   =======         ======
           BCFG_Date_Align         000044E4        finalDraw(wchar_t *, wchar_t *, int, int) (standbyDraw)
    -------------------------------------------------------------------------
CONFIG_C
  Relative segment, address: CODE_AREA 000044E8 - 00004547 (0x60 bytes), align: 2
  Segment part 91. ROOT.
           LOCAL                   ADDRESS         
           =====                   =======         
           cfgRadioBtn50           000044E8 
    -------------------------------------------------------------------------
CONFIG_C
  Relative segment, address: CODE_AREA 00004548 - 00004573 (0x2c bytes), align: 2
  Segment part 92. ROOT.
           LOCAL                   ADDRESS         
           =====                   =======         
           cfghdr51                00004548 
    -------------------------------------------------------------------------
CONFIG_C
  Relative segment, address: CODE_AREA 00004574 - 0000459F (0x2c bytes), align: 2
  Segment part 93. ROOT.
           LOCAL                   ADDRESS         
           =====                   =======         
           cfghdr52                00004574 
    -------------------------------------------------------------------------
CONFIG_C
  Relative segment, address: CODE_AREA 000045A0 - 00004733 (0x194 bytes), align: 2
  Segment part 94. ROOT.
           ENTRY                   ADDRESS         REF BY
           =====                   =======         ======
           BCFG_Date_Weekday_Sunday
                                   000045A0        Segment part 2 (mybook)
    -------------------------------------------------------------------------
CONFIG_C
  Relative segment, address: CODE_AREA 00004734 - 0000475F (0x2c bytes), align: 2
  Segment part 95. ROOT.
           LOCAL                   ADDRESS         
           =====                   =======         
           cfghdr53                00004734 
    -------------------------------------------------------------------------
CONFIG_C
  Relative segment, address: CODE_AREA 00004760 - 000048F3 (0x194 bytes), align: 2
  Segment part 96. ROOT.
           ENTRY                   ADDRESS         REF BY
           =====                   =======         ======
           BCFG_Date_Weekday_Monday
                                   00004760        Segment part 2 (mybook)
    -------------------------------------------------------------------------
CONFIG_C
  Relative segment, address: CODE_AREA 000048F4 - 0000491F (0x2c bytes), align: 2
  Segment part 97. ROOT.
           LOCAL                   ADDRESS         
           =====                   =======         
           cfghdr54                000048F4 
    -------------------------------------------------------------------------
CONFIG_C
  Relative segment, address: CODE_AREA 00004920 - 00004AB3 (0x194 bytes), align: 2
  Segment part 98. ROOT.
           ENTRY                   ADDRESS         REF BY
           =====                   =======         ======
           BCFG_Date_Weekday_Tuesday
                                   00004920        Segment part 2 (mybook)
    -------------------------------------------------------------------------
CONFIG_C
  Relative segment, address: CODE_AREA 00004AB4 - 00004ADF (0x2c bytes), align: 2
  Segment part 99. ROOT.
           LOCAL                   ADDRESS         
           =====                   =======         
           cfghdr55                00004AB4 
    -------------------------------------------------------------------------
CONFIG_C
  Relative segment, address: CODE_AREA 00004AE0 - 00004C73 (0x194 bytes), align: 2
  Segment part 100. ROOT.
           ENTRY                   ADDRESS         REF BY
           =====                   =======         ======
           BCFG_Date_Weekday_Wednesday
                                   00004AE0        Segment part 2 (mybook)
    -------------------------------------------------------------------------
CONFIG_C
  Relative segment, address: CODE_AREA 00004C74 - 00004C9F (0x2c bytes), align: 2
  Segment part 101. ROOT.
           LOCAL                   ADDRESS         
           =====                   =======         
           cfghdr56                00004C74 
    -------------------------------------------------------------------------
CONFIG_C
  Relative segment, address: CODE_AREA 00004CA0 - 00004E33 (0x194 bytes), align: 2
  Segment part 102. ROOT.
           ENTRY                   ADDRESS         REF BY
           =====                   =======         ======
           BCFG_Date_Weekday_Thursday
                                   00004CA0        Segment part 2 (mybook)
    -------------------------------------------------------------------------
CONFIG_C
  Relative segment, address: CODE_AREA 00004E34 - 00004E5F (0x2c bytes), align: 2
  Segment part 103. ROOT.
           LOCAL                   ADDRESS         
           =====                   =======         
           cfghdr57                00004E34 
    -------------------------------------------------------------------------
CONFIG_C
  Relative segment, address: CODE_AREA 00004E60 - 00004FF3 (0x194 bytes), align: 2
  Segment part 104. ROOT.
           ENTRY                   ADDRESS         REF BY
           =====                   =======         ======
           BCFG_Date_Weekday_Friday
                                   00004E60        Segment part 2 (mybook)
    -------------------------------------------------------------------------
CONFIG_C
  Relative segment, address: CODE_AREA 00004FF4 - 0000501F (0x2c bytes), align: 2
  Segment part 105. ROOT.
           LOCAL                   ADDRESS         
           =====                   =======         
           cfghdr58                00004FF4 
    -------------------------------------------------------------------------
CONFIG_C
  Relative segment, address: CODE_AREA 00005020 - 000051B3 (0x194 bytes), align: 2
  Segment part 106. ROOT.
           ENTRY                   ADDRESS         REF BY
           =====                   =======         ======
           BCFG_Date_Weekday_Saturday
                                   00005020        Segment part 2 (mybook)
    -------------------------------------------------------------------------
CONFIG_C
  Relative segment, address: CODE_AREA 000051B4 - 000051DF (0x2c bytes), align: 2
  Segment part 107. ROOT.
           LOCAL                   ADDRESS         
           =====                   =======         
           cfghdr60                000051B4 
    -------------------------------------------------------------------------
CONFIG_C
  Relative segment, address: CODE_AREA 000051E0 - 0000520B (0x2c bytes), align: 2
  Segment part 108. ROOT.
           LOCAL                   ADDRESS         
           =====                   =======         
           cfghdr59                000051E0 
    -------------------------------------------------------------------------
CONFIG_C
  Relative segment, address: CODE_AREA 0000520C - 00005237 (0x2c bytes), align: 2
  Segment part 109. ROOT.
           LOCAL                   ADDRESS         
           =====                   =======         
           cfghdr61                0000520C 
    -------------------------------------------------------------------------
CONFIG_C
  Relative segment, address: CODE_AREA 00005238 - 000053CB (0x194 bytes), align: 2
  Segment part 110. ROOT.
           ENTRY                   ADDRESS         REF BY
           =====                   =======         ======
           BCFG_Date_Month_January
                                   00005238        Segment part 3 (mybook)
    -------------------------------------------------------------------------
CONFIG_C
  Relative segment, address: CODE_AREA 000053CC - 000053F7 (0x2c bytes), align: 2
  Segment part 111. ROOT.
           LOCAL                   ADDRESS         
           =====                   =======         
           cfghdr62                000053CC 
    -------------------------------------------------------------------------
CONFIG_C
  Relative segment, address: CODE_AREA 000053F8 - 0000558B (0x194 bytes), align: 2
  Segment part 112. ROOT.
           ENTRY                   ADDRESS         REF BY
           =====                   =======         ======
           BCFG_Date_Month_February
                                   000053F8        Segment part 3 (mybook)
    -------------------------------------------------------------------------
CONFIG_C
  Relative segment, address: CODE_AREA 0000558C - 000055B7 (0x2c bytes), align: 2
  Segment part 113. ROOT.
           LOCAL                   ADDRESS         
           =====                   =======         
           cfghdr63                0000558C 
    -------------------------------------------------------------------------
CONFIG_C
  Relative segment, address: CODE_AREA 000055B8 - 0000574B (0x194 bytes), align: 2
  Segment part 114. ROOT.
           ENTRY                   ADDRESS         REF BY
           =====                   =======         ======
           BCFG_Date_Month_March   000055B8        Segment part 3 (mybook)
    -------------------------------------------------------------------------
CONFIG_C
  Relative segment, address: CODE_AREA 0000574C - 00005777 (0x2c bytes), align: 2
  Segment part 115. ROOT.
           LOCAL                   ADDRESS         
           =====                   =======         
           cfghdr64                0000574C 
    -------------------------------------------------------------------------
CONFIG_C
  Relative segment, address: CODE_AREA 00005778 - 0000590B (0x194 bytes), align: 2
  Segment part 116. ROOT.
           ENTRY                   ADDRESS         REF BY
           =====                   =======         ======
           BCFG_Date_Month_April   00005778        Segment part 3 (mybook)
    -------------------------------------------------------------------------
CONFIG_C
  Relative segment, address: CODE_AREA 0000590C - 00005937 (0x2c bytes), align: 2
  Segment part 117. ROOT.
           LOCAL                   ADDRESS         
           =====                   =======         
           cfghdr65                0000590C 
    -------------------------------------------------------------------------
CONFIG_C
  Relative segment, address: CODE_AREA 00005938 - 00005ACB (0x194 bytes), align: 2
  Segment part 118. ROOT.
           ENTRY                   ADDRESS         REF BY
           =====                   =======         ======
           BCFG_Date_Month_May     00005938        Segment part 3 (mybook)
    -------------------------------------------------------------------------
CONFIG_C
  Relative segment, address: CODE_AREA 00005ACC - 00005AF7 (0x2c bytes), align: 2
  Segment part 119. ROOT.
           LOCAL                   ADDRESS         
           =====                   =======         
           cfghdr66                00005ACC 
    -------------------------------------------------------------------------
CONFIG_C
  Relative segment, address: CODE_AREA 00005AF8 - 00005C8B (0x194 bytes), align: 2
  Segment part 120. ROOT.
           ENTRY                   ADDRESS         REF BY
           =====                   =======         ======
           BCFG_Date_Month_June    00005AF8        Segment part 3 (mybook)
    -------------------------------------------------------------------------
CONFIG_C
  Relative segment, address: CODE_AREA 00005C8C - 00005CB7 (0x2c bytes), align: 2
  Segment part 121. ROOT.
           LOCAL                   ADDRESS         
           =====                   =======         
           cfghdr67                00005C8C 
    -------------------------------------------------------------------------
CONFIG_C
  Relative segment, address: CODE_AREA 00005CB8 - 00005E4B (0x194 bytes), align: 2
  Segment part 122. ROOT.
           ENTRY                   ADDRESS         REF BY
           =====                   =======         ======
           BCFG_Date_Month_July    00005CB8        Segment part 3 (mybook)
    -------------------------------------------------------------------------
CONFIG_C
  Relative segment, address: CODE_AREA 00005E4C - 00005E77 (0x2c bytes), align: 2
  Segment part 123. ROOT.
           LOCAL                   ADDRESS         
           =====                   =======         
           cfghdr68                00005E4C 
    -------------------------------------------------------------------------
CONFIG_C
  Relative segment, address: CODE_AREA 00005E78 - 0000600B (0x194 bytes), align: 2
  Segment part 124. ROOT.
           ENTRY                   ADDRESS         REF BY
           =====                   =======         ======
           BCFG_Date_Month_August
                                   00005E78        Segment part 3 (mybook)
    -------------------------------------------------------------------------
CONFIG_C
  Relative segment, address: CODE_AREA 0000600C - 00006037 (0x2c bytes), align: 2
  Segment part 125. ROOT.
           LOCAL                   ADDRESS         
           =====                   =======         
           cfghdr69                0000600C 
    -------------------------------------------------------------------------
CONFIG_C
  Relative segment, address: CODE_AREA 00006038 - 000061CB (0x194 bytes), align: 2
  Segment part 126. ROOT.
           ENTRY                   ADDRESS         REF BY
           =====                   =======         ======
           BCFG_Date_Month_September
                                   00006038        Segment part 3 (mybook)
    -------------------------------------------------------------------------
CONFIG_C
  Relative segment, address: CODE_AREA 000061CC - 000061F7 (0x2c bytes), align: 2
  Segment part 127. ROOT.
           LOCAL                   ADDRESS         
           =====                   =======         
           cfghdr70                000061CC 
    -------------------------------------------------------------------------
CONFIG_C
  Relative segment, address: CODE_AREA 000061F8 - 0000638B (0x194 bytes), align: 2
  Segment part 128. ROOT.
           ENTRY                   ADDRESS         REF BY
           =====                   =======         ======
           BCFG_Date_Month_October
                                   000061F8        Segment part 3 (mybook)
    -------------------------------------------------------------------------
CONFIG_C
  Relative segment, address: CODE_AREA 0000638C - 000063B7 (0x2c bytes), align: 2
  Segment part 129. ROOT.
           LOCAL                   ADDRESS         
           =====                   =======         
           cfghdr71                0000638C 
    -------------------------------------------------------------------------
CONFIG_C
  Relative segment, address: CODE_AREA 000063B8 - 0000654B (0x194 bytes), align: 2
  Segment part 130. ROOT.
           ENTRY                   ADDRESS         REF BY
           =====                   =======         ======
           BCFG_Date_Month_November
                                   000063B8        Segment part 3 (mybook)
    -------------------------------------------------------------------------
CONFIG_C
  Relative segment, address: CODE_AREA 0000654C - 00006577 (0x2c bytes), align: 2
  Segment part 131. ROOT.
           LOCAL                   ADDRESS         
           =====                   =======         
           cfghdr72                0000654C 
    -------------------------------------------------------------------------
CONFIG_C
  Relative segment, address: CODE_AREA 00006578 - 0000670B (0x194 bytes), align: 2
  Segment part 132. ROOT.
           ENTRY                   ADDRESS         REF BY
           =====                   =======         ======
           BCFG_Date_Month_December
                                   00006578        Segment part 3 (mybook)
    -------------------------------------------------------------------------
CONFIG_C
  Relative segment, address: CODE_AREA 0000670C - 00006737 (0x2c bytes), align: 2
  Segment part 133. ROOT.
           LOCAL                   ADDRESS         
           =====                   =======         
           cfghdr74                0000670C 
    -------------------------------------------------------------------------
CONFIG_C
  Relative segment, address: CODE_AREA 00006738 - 00006763 (0x2c bytes), align: 2
  Segment part 134. ROOT.
           LOCAL                   ADDRESS         
           =====                   =======         
           cfghdr75                00006738 
    -------------------------------------------------------------------------
CONFIG_C
  Relative segment, address: CODE_AREA 00006764 - 0000678F (0x2c bytes), align: 2
  Segment part 135. ROOT.
           LOCAL                   ADDRESS         
           =====                   =======         
           cfghdr73                00006764 
    -------------------------------------------------------------------------
CONFIG_C
  Relative segment, address: CODE_AREA 00006790 - 000067BB (0x2c bytes), align: 2
  Segment part 136. ROOT.
           LOCAL                   ADDRESS         
           =====                   =======         
           cfghdr76                00006790 
    -------------------------------------------------------------------------
CONFIG_C
  Relative segment, address: CODE_AREA 000067BC - 000067E7 (0x2c bytes), align: 2
  Segment part 137. ROOT.
           LOCAL                   ADDRESS         
           =====                   =======         
           cfghdr77                000067BC 
    -------------------------------------------------------------------------
CONFIG_C
  Relative segment, address: CODE_AREA 000067E8 - 000067EB (0x4 bytes), align: 2
  Segment part 138. ROOT.
           ENTRY                   ADDRESS         REF BY
           =====                   =======         ======
           BCFG_Music_Coverart_Enable
                                   000067E8 
    -------------------------------------------------------------------------
CONFIG_C
  Relative segment, address: CODE_AREA 000067EC - 00006817 (0x2c bytes), align: 2
  Segment part 139. ROOT.
           LOCAL                   ADDRESS         
           =====                   =======         
           cfghdr78                000067EC 
    -------------------------------------------------------------------------
CONFIG_C
  Relative segment, address: CODE_AREA 00006818 - 0000681B (0x4 bytes), align: 2
  Segment part 140. ROOT.
           ENTRY                   ADDRESS         REF BY
           =====                   =======         ======
           BCFG_Music_Coverart_Position_X
                                   00006818 
    -------------------------------------------------------------------------
CONFIG_C
  Relative segment, address: CODE_AREA 0000681C - 0000681F (0x4 bytes), align: 2
  Segment part 141. ROOT.
           ENTRY                   ADDRESS         REF BY
           =====                   =======         ======
           BCFG_Music_Coverart_Position_Y
                                   0000681C 
    -------------------------------------------------------------------------
CONFIG_C
  Relative segment, address: CODE_AREA 00006820 - 0000684B (0x2c bytes), align: 2
  Segment part 142. ROOT.
           LOCAL                   ADDRESS         
           =====                   =======         
           cfghdr80                00006820 
    -------------------------------------------------------------------------
CONFIG_C
  Relative segment, address: CODE_AREA 0000684C - 00006877 (0x2c bytes), align: 2
  Segment part 143. ROOT.
           LOCAL                   ADDRESS         
           =====                   =======         
           cfghdr79                0000684C 
    -------------------------------------------------------------------------
CONFIG_C
  Relative segment, address: CODE_AREA 00006878 - 000068A3 (0x2c bytes), align: 2
  Segment part 144. ROOT.
           LOCAL                   ADDRESS         
           =====                   =======         
           cfghdr81                00006878 
    -------------------------------------------------------------------------
CONFIG_C
  Relative segment, address: CODE_AREA 000068A4 - 000068A7 (0x4 bytes), align: 2
  Segment part 145. ROOT.
           ENTRY                   ADDRESS         REF BY
           =====                   =======         ======
           BCFG_Music_Artist_Enable
                                   000068A4 
    -------------------------------------------------------------------------
CONFIG_C
  Relative segment, address: CODE_AREA 000068A8 - 000068D3 (0x2c bytes), align: 2
  Segment part 146. ROOT.
           LOCAL                   ADDRESS         
           =====                   =======         
           cfghdr82                000068A8 
    -------------------------------------------------------------------------
CONFIG_C
  Relative segment, address: CODE_AREA 000068D4 - 000068D7 (0x4 bytes), align: 2
  Segment part 147. ROOT.
           ENTRY                   ADDRESS         REF BY
           =====                   =======         ======
           BCFG_Music_Artist_Position_X
                                   000068D4 
    -------------------------------------------------------------------------
CONFIG_C
  Relative segment, address: CODE_AREA 000068D8 - 000068DB (0x4 bytes), align: 2
  Segment part 148. ROOT.
           ENTRY                   ADDRESS         REF BY
           =====                   =======         ======
           BCFG_Music_Artist_Position_Y
                                   000068D8 
    -------------------------------------------------------------------------
CONFIG_C
  Relative segment, address: CODE_AREA 000068DC - 00006907 (0x2c bytes), align: 2
  Segment part 149. ROOT.
           LOCAL                   ADDRESS         
           =====                   =======         
           cfghdr83                000068DC 
    -------------------------------------------------------------------------
CONFIG_C
  Relative segment, address: CODE_AREA 00006908 - 0000690B (0x4 bytes), align: 2
  Segment part 150. ROOT.
           ENTRY                   ADDRESS         REF BY
           =====                   =======         ======
           BCFG_Music_Artist_FontSize
                                   00006908 
    -------------------------------------------------------------------------
CONFIG_C
  Relative segment, address: CODE_AREA 0000690C - 00006937 (0x2c bytes), align: 2
  Segment part 151. ROOT.
           LOCAL                   ADDRESS         
           =====                   =======         
           cfghdr84                0000690C 
    -------------------------------------------------------------------------
CONFIG_C
  Relative segment, address: CODE_AREA 00006938 - 0000693B (0x4 bytes), align: 2
  Segment part 152. ROOT.
           ENTRY                   ADDRESS         REF BY
           =====                   =======         ======
           BCFG_Music_Artist_TextColor
                                   00006938 
    -------------------------------------------------------------------------
CONFIG_C
  Relative segment, address: CODE_AREA 0000693C - 00006967 (0x2c bytes), align: 2
  Segment part 153. ROOT.
           LOCAL                   ADDRESS         
           =====                   =======         
           cfghdr85                0000693C 
    -------------------------------------------------------------------------
CONFIG_C
  Relative segment, address: CODE_AREA 00006968 - 0000696B (0x4 bytes), align: 2
  Segment part 154. ROOT.
           ENTRY                   ADDRESS         REF BY
           =====                   =======         ======
           BCFG_Music_Artist_Align
                                   00006968 
    -------------------------------------------------------------------------
CONFIG_C
  Relative segment, address: CODE_AREA 0000696C - 000069CB (0x60 bytes), align: 2
  Segment part 155. ROOT.
           LOCAL                   ADDRESS         
           =====                   =======         
[...]
  Segment part 45.            Intra module refs:   Segment part 107
                                                   Segment part 111
    -------------------------------------------------------------------------
DATA_C
  Relative segment, address: CODE_AREA 00003798 - 000037A7 (0x10 bytes), align: 2
  Segment part 46.            Intra module refs:   Segment part 107
                                                   Segment part 111
    -------------------------------------------------------------------------
DATA_C
  Relative segment, address: CODE_AREA 000037A8 - 000037B7 (0x10 bytes), align: 2
  Segment part 47.            Intra module refs:   Segment part 107
                                                   Segment part 111
    -------------------------------------------------------------------------
DATA_C
  Relative segment, address: CODE_AREA 000037B8 - 000037C7 (0x10 bytes), align: 2
  Segment part 48.            Intra module refs:   Segment part 107
                                                   Segment part 111
    -------------------------------------------------------------------------
DATA_C
  Relative segment, address: CODE_AREA 000037C8 - 000037D7 (0x10 bytes), align: 2
  Segment part 49.            Intra module refs:   Segment part 107
                                                   Segment part 111
    -------------------------------------------------------------------------
DATA_C
  Relative segment, address: CODE_AREA 000037D8 - 000037E7 (0x10 bytes), align: 2
  Segment part 50.            Intra module refs:   Segment part 107
                                                   Segment part 111
    -------------------------------------------------------------------------
DATA_C
  Relative segment, address: CODE_AREA 000037E8 - 000037F7 (0x10 bytes), align: 2
  Segment part 51.            Intra module refs:   drawClock(int, int)
    -------------------------------------------------------------------------
DATA_C
  Relative segment, address: CODE_AREA 000037F8 - 00003807 (0x10 bytes), align: 2
  Segment part 52.            Intra module refs:   Segment part 107
                                                   Segment part 111
    -------------------------------------------------------------------------
DATA_C
  Relative segment, address: CODE_AREA 00003808 - 00003817 (0x10 bytes), align: 2
  Segment part 53.            Intra module refs:   Segment part 107
                                                   Segment part 111
    -------------------------------------------------------------------------
DATA_C
  Relative segment, address: CODE_AREA 00003818 - 00003827 (0x10 bytes), align: 2
  Segment part 54.            Intra module refs:   Segment part 107
                                                   Segment part 111
    -------------------------------------------------------------------------
DATA_C
  Relative segment, address: CODE_AREA 00003828 - 00003837 (0x10 bytes), align: 2
  Segment part 55.            Intra module refs:   Segment part 107
                                                   Segment part 111
    -------------------------------------------------------------------------
DATA_C
  Relative segment, address: CODE_AREA 00003838 - 00003847 (0x10 bytes), align: 2
  Segment part 56.            Intra module refs:   Segment part 107
                                                   Segment part 111
    -------------------------------------------------------------------------
DATA_C
  Relative segment, address: CODE_AREA 00003848 - 00003857 (0x10 bytes), align: 2
  Segment part 57.            Intra module refs:   Segment part 107
                                                   Segment part 111
    -------------------------------------------------------------------------
DATA_C
  Relative segment, address: CODE_AREA 00003858 - 00003867 (0x10 bytes), align: 2
  Segment part 58.            Intra module refs:   Segment part 111
    -------------------------------------------------------------------------
DATA_C
  Relative segment, address: CODE_AREA 00003868 - 00003877 (0x10 bytes), align: 2
  Segment part 59.            Intra module refs:   Segment part 111
    -------------------------------------------------------------------------
DATA_C
  Relative segment, address: CODE_AREA 00003878 - 00003887 (0x10 bytes), align: 2
  Segment part 60.            Intra module refs:   Segment part 111
    -------------------------------------------------------------------------
DATA_C
  Relative segment, address: CODE_AREA 00003888 - 00003897 (0x10 bytes), align: 2
  Segment part 61.            Intra module refs:   Segment part 111
    -------------------------------------------------------------------------
DATA_C
  Relative segment, address: CODE_AREA 00003898 - 000038A7 (0x10 bytes), align: 2
  Segment part 62.            Intra module refs:   Segment part 111
    -------------------------------------------------------------------------
DATA_C
  Relative segment, address: CODE_AREA 000038A8 - 000038B7 (0x10 bytes), align: 2
  Segment part 63.            Intra module refs:   Segment part 111
    -------------------------------------------------------------------------
DATA_C
  Relative segment, address: CODE_AREA 000038B8 - 000038C7 (0x10 bytes), align: 2
  Segment part 64.            Intra module refs:   Segment part 111
    -------------------------------------------------------------------------
DATA_C
  Relative segment, address: CODE_AREA 000038C8 - 000038D7 (0x10 bytes), align: 2
  Segment part 65.            Intra module refs:   Segment part 111
    -------------------------------------------------------------------------
DATA_C
  Relative segment, address: CODE_AREA 000038D8 - 000038E7 (0x10 bytes), align: 2
  Segment part 66.            Intra module refs:   Segment part 111
    -------------------------------------------------------------------------
DATA_C
  Relative segment, address: CODE_AREA 000038E8 - 000038F7 (0x10 bytes), align: 2
  Segment part 67.            Intra module refs:   Segment part 111
    -------------------------------------------------------------------------
DATA_C
  Relative segment, address: CODE_AREA 000038F8 - 00003907 (0x10 bytes), align: 2
  Segment part 68.            Intra module refs:   Segment part 111
    -------------------------------------------------------------------------
DATA_C
  Relative segment, address: CODE_AREA 00003908 - 00003917 (0x10 bytes), align: 2
  Segment part 69.            Intra module refs:   Segment part 111
    -------------------------------------------------------------------------
DATA_C
  Relative segment, address: CODE_AREA 00003918 - 00003927 (0x10 bytes), align: 2
  Segment part 70.            Intra module refs:   Segment part 111
    -------------------------------------------------------------------------
DATA_C
  Relative segment, address: CODE_AREA 00003928 - 00003937 (0x10 bytes), align: 2
  Segment part 71.            Intra module refs:   Segment part 111
    -------------------------------------------------------------------------
DATA_C
  Relative segment, address: CODE_AREA 00003938 - 00003947 (0x10 bytes), align: 2
  Segment part 72.            Intra module refs:   Segment part 111
    -------------------------------------------------------------------------
DATA_C
  Relative segment, address: CODE_AREA 00003948 - 00003957 (0x10 bytes), align: 2
  Segment part 73.            Intra module refs:   Segment part 111
    -------------------------------------------------------------------------
DATA_C
  Relative segment, address: CODE_AREA 00003958 - 00003967 (0x10 bytes), align: 2
  Segment part 74.            Intra module refs:   Segment part 111
    -------------------------------------------------------------------------
DATA_C
  Relative segment, address: CODE_AREA 00003968 - 00003977 (0x10 bytes), align: 2
  Segment part 75.            Intra module refs:   Segment part 111
    -------------------------------------------------------------------------
DATA_C
  Relative segment, address: CODE_AREA 00003978 - 00003987 (0x10 bytes), align: 2
  Segment part 76.            Intra module refs:   Segment part 111
    -------------------------------------------------------------------------
DATA_C
  Relative segment, address: CODE_AREA 00003988 - 00003997 (0x10 bytes), align: 2
  Segment part 77.            Intra module refs:   Segment part 111
    -------------------------------------------------------------------------
DATA_C
  Relative segment, address: CODE_AREA 00003998 - 000039A7 (0x10 bytes), align: 2
  Segment part 78.            Intra module refs:   Segment part 83
    -------------------------------------------------------------------------
DATA_C
  Relative segment, address: CODE_AREA 000039A8 - 000039B3 (0xc bytes), align: 2
  Segment part 79.            Intra module refs:   Segment part 83
    -------------------------------------------------------------------------
DATA_C
  Relative segment, address: CODE_AREA 000039B4 - 000039C7 (0x14 bytes), align: 2
  Segment part 80.            Intra module refs:   Segment part 83
    -------------------------------------------------------------------------
DATA_C
  Relative segment, address: CODE_AREA 000039C8 - 000039D7 (0x10 bytes), align: 2
  Segment part 81.            Intra module refs:   Segment part 83
    -------------------------------------------------------------------------
DATA_C
  Relative segment, address: CODE_AREA 000039D8 - 000039E3 (0xc bytes), align: 2
  Segment part 82.            Intra module refs:   Segment part 83
    -------------------------------------------------------------------------
DATA_C
  Relative segment, address: CODE_AREA 000039E4 - 000039F7 (0x14 bytes), align: 2
  Segment part 83.            Intra module refs:   getStateByHour(int)

    *************************************************************************

  FILE NAME : C:\Users\Faby\Desktop\StudyElf\GlassUIWidget\Debug\Obj\weather.r79
  PROGRAM MODULE, NAME : weather

  SEGMENTS IN THE MODULE
  ======================
CODE
  Relative segment, address: CODE_AREA 000029E8 - 00002A67 (0x80 bytes), align: 2
  Segment part 9.
           ENTRY                   ADDRESS         REF BY
           =====                   =======         ======
           Weather::Weather(int, int, int, int, wchar_t *, wchar_t *, wchar_t *)
                                   000029E8        getWeather(wchar_t *, int &, wchar_t *) (fileAnaliser)
               stack 1 = 00000000 ( 00000024 )
    -------------------------------------------------------------------------
CODE
  Relative segment, address: CODE_AREA 00002A68 - 00002BA3 (0x13c bytes), align: 2
  Segment part 11.
           ENTRY                   ADDRESS         REF BY
           =====                   =======         ======
           Weather::Weather(Weather *)
                                   00002A68        MyBook::setWDraw(int) (mybook)
               stack 1 = 00000000 ( 0000000C )
    -------------------------------------------------------------------------
CODE
  Relative segment, address: CODE_AREA 00002BA4 - 00002C03 (0x60 bytes), align: 2
  Segment part 13.
           ENTRY                   ADDRESS         REF BY
           =====                   =======         ======
           Weather::~Weather()     00002BA4        MyBook::freeMyVars() (mybook)
                                                   MyBook::freeWDraw() (mybook)
               stack 1 = 00000000 ( 00000008 )
    -------------------------------------------------------------------------
CODE
  Relative segment, address: CODE_AREA 00002C04 - 00002C0B (0x8 bytes), align: 2
  Segment part 15.
           ENTRY                   ADDRESS         REF BY
           =====                   =======         ======
           Weather::getState() const
                                   00002C04        drawWeatherContents() (standbyDraw)
    -------------------------------------------------------------------------
CODE
  Relative segment, address: CODE_AREA 00002C0C - 00002C13 (0x8 bytes), align: 2
  Segment part 23.
           ENTRY                   ADDRESS         REF BY
           =====                   =======         ======
           Weather::getAverageTemp() const
                                   00002C0C        drawWeatherContents() (standbyDraw)
    -------------------------------------------------------------------------
CODE
  Relative segment, address: CODE_AREA 00002C14 - 00002C1B (0x8 bytes), align: 2
  Segment part 25.
           ENTRY                   ADDRESS         REF BY
           =====                   =======         ======
           Weather::getState_() const
                                   00002C14        drawWeatherContents() (standbyDraw)

    *************************************************************************

  FILE NAME : C:\Users\Faby\EmbebedIAR\Embedded Workbench 4.0 Evaluation\ARM\LIB\dl5tpainl8n.r79
  LIBRARY MODULE, NAME : ?div_module

  SEGMENTS IN THE MODULE
  ======================
CODE
  Relative segment, address: CODE_AREA 00002C1C - 00002C33 (0x18 bytes), align: 2
  Segment part 11.
           ENTRY                   ADDRESS         REF BY
           =====                   =======         ======
           ??div32_a               00002C1C        Weather::Weather(Weather *) (weather)
                                                   Weather::Weather(int, int, int, int, wchar_t *, wchar_t *, wchar_t *) (weather)
                                                   celsiusToFahrenheit(int) (Utils)
                                                   intlen(int) (Utils)
    -------------------------------------------------------------------------
CODE
  Relative segment, address: CODE_AREA 00002C34 - 00002D0B (0xd8 bytes), align: 2
  Segment part 12.            Intra module refs:   ??div32_a

    -------------------------------------------------------------------------
  LIBRARY MODULE, NAME : ?GetDenormal

  SEGMENTS IN THE MODULE
  ======================
CODE
  Relative segment, address: CODE_AREA 00002D0C - 00002D6B (0x60 bytes), align: 2
  Segment part 0.
           ENTRY                   ADDRESS         REF BY
           =====                   =======         ======
           ?GetDenormalX           00002D0C        Segment part 1 (?D_MulFloat)
           ?GetDenormalY           00002D3C        Segment part 1 (?D_MulFloat)

    -------------------------------------------------------------------------
  LIBRARY MODULE, NAME : ?D_LONG2DOUBLE

  SEGMENTS IN THE MODULE
  ======================
CODE
  Relative segment, address: CODE_AREA 00002D6C - 00002DC7 (0x5c bytes), align: 2
  Segment part 1.
           ENTRY                   ADDRESS         REF BY
           =====                   =======         ======
           __aeabi_i2d             00002D6C 
           __longToDouble          00002D6C        Weather::Weather(int, int, int, int, wchar_t *, wchar_t *, wchar_t *) (weather)
           __longToDouble::??rA    00002D6C 
           __longToDubleStart      00002D88 

    -------------------------------------------------------------------------
  LIBRARY MODULE, NAME : ?D_DOUBLE2LONG

  SEGMENTS IN THE MODULE
  ======================
CODE
  Relative segment, address: CODE_AREA 00002DC8 - 00002E27 (0x60 bytes), align: 2
  Segment part 1.
           ENTRY                   ADDRESS         REF BY
           =====                   =======         ======
           __aeabi_d2iz            00002DC8 
           __doubleToLong          00002DC8        Weather::Weather(int, int, int, int, wchar_t *, wchar_t *, wchar_t *) (weather)
           __doubleToLong::??rA    00002DC8 

    -------------------------------------------------------------------------
  LIBRARY MODULE, NAME : ?FLOATEDOUBLE

  SEGMENTS IN THE MODULE
  ======================
CODE
  Relative segment, address: CODE_AREA 00002E28 - 00002E8B (0x64 bytes), align: 2
  Segment part 1.
           ENTRY                   ADDRESS         REF BY
           =====                   =======         ======
           __aeabi_f2d             00002E28 
           __floatToDouble         00002E28        returnMask(wchar_t const *, int, bool, float (__atpcs __interwork *)(int), int) (standbyDraw)
           __floatToDouble::??rA   00002E28 

    -------------------------------------------------------------------------
  LIBRARY MODULE, NAME : ?D_MulFloat

  SEGMENTS IN THE MODULE
  ======================
CODE
  Relative segment, address: CODE_AREA 00002E8C - 000030C3 (0x238 bytes), align: 2
  Segment part 1.
           ENTRY                   ADDRESS         REF BY
           =====                   =======         ======
           __dMul                  00002E8C        Weather::Weather(int, int, int, int, wchar_t *, wchar_t *, wchar_t *) (weather)
           __dMul::??rA            00002E8C 
           __aeabi_dmul            00002E8C 

    -------------------------------------------------------------------------
  LIBRARY MODULE, NAME : ?F_LONG2FLOAT

  SEGMENTS IN THE MODULE
  ======================
CODE
  Relative segment, address: CODE_AREA 000030C4 - 0000312B (0x68 bytes), align: 2
  Segment part 1.
           ENTRY                   ADDRESS         REF BY
           =====                   =======         ======
           __aeabi_i2f             000030C4 
           __longToFloat           000030C4        celsiusToFahrenheit(int) (Utils)
                                                   returnMask(wchar_t const *, int, bool, float (__atpcs __interwork *)(int), int) (standbyDraw)
           __longToFloat::??rA     000030C4 
           __longToFloatStart      000030D8 




                ****************************************
                *                                      *
                *      SEGMENTS IN ADDRESS ORDER       *
                *                                      *
                ****************************************


SEGMENT              SPACE    START ADDRESS   END ADDRESS     SIZE  TYPE  ALIGN
=======              =====    =============   ===========     ====  ====  =====
ELFBEGIN             CODE_AREA           00000000                     rel    0
DATA_ID              CODE_AREA      00000000 - 000003C7         3C8   rel    2
START                CODE_AREA           000003C8                     dse    0
CODE                 CODE_AREA      000003C8 - 0000312B        2D64   rel    2
DATA_C               CODE_AREA      0000312C - 000039F9         8CE   rel    2
INITTAB              CODE_AREA      000039FC - 00003A13          18   rel    2
DATA_Z               CODE_AREA      00003A14 - 00003A1F           C   rel    2
DATA_N               CODE_AREA           00003A20                     dse    0
CONFIG_C             CODE_AREA      00003A20 - 00007B07        40E8   rel    2
DYN_CONST            CODE_AREA           00007B08                     dse    0
DYN_CONST_DESC       CODE_AREA      00007B08 - 00007B0B           4   rel    2
DYN_PAGE             CODE_AREA      00007B0C - 00007B3B          30   rel    2
DYN_PAGE_DESC        CODE_AREA      00007B3C - 00007B3F           4   rel    2
DATA_I               DATA_AREA      00000000 - 000003C7         3C8   rel    2

                ****************************************
                *                                      *
                *        END OF CROSS REFERENCE        *
                *                                      *
                ****************************************

 31 550 bytes of CODE memory
    968 bytes of DATA memory

Errors: none
Warnings: none

